[2026-09-10T01:10:21.094+0000] {taskinstance.py:1956} INFO - Dependencies all met for dep_context=non-requeueable deps ti=<TaskInstance: weekly_grocery_pipeline.gold_match_beverages manual__2026-09-10T01:07:36.912977+00:00 [queued]>
[2026-09-10T01:10:21.097+0000] {taskinstance.py:1956} INFO - Dependencies all met for dep_context=requeueable deps ti=<TaskInstance: weekly_grocery_pipeline.gold_match_beverages manual__2026-09-10T01:07:36.912977+00:00 [queued]>
[2026-09-10T01:10:21.098+0000] {taskinstance.py:2170} INFO - Starting attempt 1 of 2
[2026-09-10T01:10:21.105+0000] {taskinstance.py:2191} INFO - Executing <Task(BashOperator): gold_match_beverages> on 2026-09-10 01:07:36.912977+00:00
[2026-09-10T01:10:21.107+0000] {standard_task_runner.py:60} INFO - Started process 358 to run task
[2026-09-10T01:10:21.109+0000] {standard_task_runner.py:87} INFO - Running: ['airflow', 'tasks', 'run', 'weekly_grocery_pipeline', 'gold_match_beverages', 'manual__2026-09-10T01:07:36.912977+00:00', '--job-id', '77', '--raw', '--subdir', 'DAGS_FOLDER/weekly_grocery_pipeline.py', '--cfg-path', '/tmp/tmpzuh25ejp']
[2026-09-10T01:10:21.110+0000] {standard_task_runner.py:88} INFO - Job 77: Subtask gold_match_beverages
[2026-09-10T01:10:21.134+0000] {task_command.py:423} INFO - Running <TaskInstance: weekly_grocery_pipeline.gold_match_beverages manual__2026-09-10T01:07:36.912977+00:00 [running]> on host d6853e0c6c65
[2026-09-10T01:10:21.170+0000] {taskinstance.py:2480} INFO - Exporting env vars: AIRFLOW_CTX_DAG_OWNER='shaleh' AIRFLOW_CTX_DAG_ID='weekly_grocery_pipeline' AIRFLOW_CTX_TASK_ID='gold_match_beverages' AIRFLOW_CTX_EXECUTION_DATE='2026-09-10T01:07:36.912977+00:00' AIRFLOW_CTX_TRY_NUMBER='1' AIRFLOW_CTX_DAG_RUN_ID='manual__2026-09-10T01:07:36.912977+00:00'
[2026-09-10T01:10:21.171+0000] {subprocess.py:63} INFO - Tmp dir root location: /tmp
[2026-09-10T01:10:21.171+0000] {subprocess.py:75} INFO - Running command: ['/usr/bin/bash', '-c', 'python -m src.gold.match_beverages']
[2026-09-10T01:10:21.175+0000] {subprocess.py:86} INFO - Output:
[2026-09-10T01:10:24.437+0000] {subprocess.py:93} INFO - === جاري تشغيل محرك المطابقة لقسم المشروبات (حصر التطابق الثلاثي 3-STORES) ===
[2026-09-10T01:10:24.438+0000] {subprocess.py:93} INFO - 
[2026-09-10T01:10:24.438+0000] {subprocess.py:93} INFO - ============================================================
[2026-09-10T01:10:24.438+0000] {subprocess.py:93} INFO - 📊 GOLD BEVERAGES REPORT (EXCLUSIVE 3-STORE ONLY):
[2026-09-10T01:10:24.438+0000] {subprocess.py:93} INFO -    • Total Products In Silver : 3521
[2026-09-10T01:10:24.439+0000] {subprocess.py:93} INFO -    • 3-Store Matches (Clusters): 108 clusters
[2026-09-10T01:10:24.439+0000] {subprocess.py:93} INFO -    • 2-Store Matches          : 0 (Excluded completely)
[2026-09-10T01:10:24.439+0000] {subprocess.py:93} INFO -    • Matched Products Count   : 324
[2026-09-10T01:10:24.439+0000] {subprocess.py:93} INFO -    • Pure 3-Store Coverage    : 9.2%
[2026-09-10T01:10:24.439+0000] {subprocess.py:93} INFO -    • Output Saved To          : matched_beverages.json
[2026-09-10T01:10:24.439+0000] {subprocess.py:93} INFO - ============================================================
[2026-09-10T01:10:24.440+0000] {subprocess.py:97} INFO - Command exited with return code 0
[2026-09-10T01:10:24.452+0000] {taskinstance.py:1138} INFO - Marking task as SUCCESS. dag_id=weekly_grocery_pipeline, task_id=gold_match_beverages, execution_date=20260910T010736, start_date=20260910T011021, end_date=20260910T011024
[2026-09-10T01:10:24.480+0000] {local_task_job_runner.py:234} INFO - Task exited with return code 0
[2026-09-10T01:10:24.489+0000] {taskinstance.py:3280} INFO - 1 downstream tasks scheduled from follow-on schedule check
