[2026-09-09T20:04:18.642+0000] {taskinstance.py:1956} INFO - Dependencies all met for dep_context=non-requeueable deps ti=<TaskInstance: weekly_grocery_pipeline.bronze_extract_bindawood manual__2026-09-09T20:04:17.818431+00:00 [queued]>
[2026-09-09T20:04:18.646+0000] {taskinstance.py:1956} INFO - Dependencies all met for dep_context=requeueable deps ti=<TaskInstance: weekly_grocery_pipeline.bronze_extract_bindawood manual__2026-09-09T20:04:17.818431+00:00 [queued]>
[2026-09-09T20:04:18.646+0000] {taskinstance.py:2170} INFO - Starting attempt 1 of 2
[2026-09-09T20:04:18.652+0000] {taskinstance.py:2191} INFO - Executing <Task(BashOperator): bronze_extract_bindawood> on 2026-09-09 20:04:17.818431+00:00
[2026-09-09T20:04:18.654+0000] {standard_task_runner.py:60} INFO - Started process 233 to run task
[2026-09-09T20:04:18.656+0000] {standard_task_runner.py:87} INFO - Running: ['airflow', 'tasks', 'run', 'weekly_grocery_pipeline', 'bronze_extract_bindawood', 'manual__2026-09-09T20:04:17.818431+00:00', '--job-id', '38', '--raw', '--subdir', 'DAGS_FOLDER/weekly_grocery_pipeline.py', '--cfg-path', '/tmp/tmp90winxap']
[2026-09-09T20:04:18.657+0000] {standard_task_runner.py:88} INFO - Job 38: Subtask bronze_extract_bindawood
[2026-09-09T20:04:18.686+0000] {task_command.py:423} INFO - Running <TaskInstance: weekly_grocery_pipeline.bronze_extract_bindawood manual__2026-09-09T20:04:17.818431+00:00 [running]> on host 185da616c941
[2026-09-09T20:04:18.733+0000] {taskinstance.py:2480} INFO - Exporting env vars: AIRFLOW_CTX_DAG_OWNER='shaleh' AIRFLOW_CTX_DAG_ID='weekly_grocery_pipeline' AIRFLOW_CTX_TASK_ID='bronze_extract_bindawood' AIRFLOW_CTX_EXECUTION_DATE='2026-09-09T20:04:17.818431+00:00' AIRFLOW_CTX_TRY_NUMBER='1' AIRFLOW_CTX_DAG_RUN_ID='manual__2026-09-09T20:04:17.818431+00:00'
[2026-09-09T20:04:18.733+0000] {subprocess.py:63} INFO - Tmp dir root location: /tmp
[2026-09-09T20:04:18.734+0000] {subprocess.py:75} INFO - Running command: ['/usr/bin/bash', '-c', 'python -m src.bronze.extract_bindawood']
[2026-09-09T20:04:18.739+0000] {subprocess.py:86} INFO - Output:
[2026-09-09T20:04:46.682+0000] {subprocess.py:93} INFO - === Starting BinDawood Extraction Pipeline ===
[2026-09-09T20:04:46.683+0000] {subprocess.py:93} INFO - 
[2026-09-09T20:04:46.683+0000] {subprocess.py:93} INFO - Processing Category: Beverages & Water...
[2026-09-09T20:04:46.683+0000] {subprocess.py:93} INFO - [Beverages & Water] Matched Facet -> 'الأقسام > الماء و المشروبات'
[2026-09-09T20:04:46.683+0000] {subprocess.py:93} INFO -   -> Page 1/10: Retrieved 100 items.
[2026-09-09T20:04:46.683+0000] {subprocess.py:93} INFO -   -> Page 2/10: Retrieved 100 items.
[2026-09-09T20:04:46.683+0000] {subprocess.py:93} INFO -   -> Page 3/10: Retrieved 100 items.
[2026-09-09T20:04:46.683+0000] {subprocess.py:93} INFO -   -> Page 4/10: Retrieved 100 items.
[2026-09-09T20:04:46.683+0000] {subprocess.py:93} INFO -   -> Page 5/10: Retrieved 100 items.
[2026-09-09T20:04:46.683+0000] {subprocess.py:93} INFO -   -> Page 6/10: Retrieved 100 items.
[2026-09-09T20:04:46.683+0000] {subprocess.py:93} INFO -   -> Page 7/10: Retrieved 100 items.
[2026-09-09T20:04:46.683+0000] {subprocess.py:93} INFO -   -> Page 8/10: Retrieved 100 items.
[2026-09-09T20:04:46.683+0000] {subprocess.py:93} INFO -   -> Page 9/10: Retrieved 100 items.
[2026-09-09T20:04:46.683+0000] {subprocess.py:93} INFO -   -> Page 10/10: Retrieved 100 items.
[2026-09-09T20:04:46.684+0000] {subprocess.py:93} INFO -   ✓ Saved 1000 items to: /opt/airflow/data/bronze/bindawood/beverages_raw.json
[2026-09-09T20:04:46.684+0000] {subprocess.py:93} INFO - 
[2026-09-09T20:04:46.684+0000] {subprocess.py:93} INFO - Processing Category: Dairy & Eggs...
[2026-09-09T20:04:46.684+0000] {subprocess.py:93} INFO - [Dairy & Eggs] Matched Facet -> 'الأقسام > منتجات الألبان والبيض'
[2026-09-09T20:04:46.684+0000] {subprocess.py:93} INFO -   -> Page 1/10: Retrieved 100 items.
[2026-09-09T20:04:46.684+0000] {subprocess.py:93} INFO -   -> Page 2/10: Retrieved 100 items.
[2026-09-09T20:04:46.684+0000] {subprocess.py:93} INFO -   -> Page 3/10: Retrieved 100 items.
[2026-09-09T20:04:46.684+0000] {subprocess.py:93} INFO -   -> Page 4/10: Retrieved 100 items.
[2026-09-09T20:04:46.684+0000] {subprocess.py:93} INFO -   -> Page 5/10: Retrieved 100 items.
[2026-09-09T20:04:46.684+0000] {subprocess.py:93} INFO -   -> Page 6/10: Retrieved 100 items.
[2026-09-09T20:04:46.684+0000] {subprocess.py:93} INFO -   -> Page 7/10: Retrieved 100 items.
[2026-09-09T20:04:46.684+0000] {subprocess.py:93} INFO -   -> Page 8/10: Retrieved 100 items.
[2026-09-09T20:04:46.684+0000] {subprocess.py:93} INFO -   -> Page 9/10: Retrieved 100 items.
[2026-09-09T20:04:46.684+0000] {subprocess.py:93} INFO -   -> Page 10/10: Retrieved 100 items.
[2026-09-09T20:04:46.685+0000] {subprocess.py:93} INFO -   ✓ Saved 1000 items to: /opt/airflow/data/bronze/bindawood/dairy_and_eggs_raw.json
[2026-09-09T20:04:46.685+0000] {subprocess.py:93} INFO - 
[2026-09-09T20:04:46.685+0000] {subprocess.py:93} INFO - Processing Category: Fresh Fruits & Veg...
[2026-09-09T20:04:46.685+0000] {subprocess.py:93} INFO - [Fresh Fruits & Veg] Matched Facet -> 'الأقسام > فواكه و خضروات طازجة'
[2026-09-09T20:04:46.685+0000] {subprocess.py:93} INFO -   -> Page 1/4: Retrieved 100 items.
[2026-09-09T20:04:46.685+0000] {subprocess.py:93} INFO -   -> Page 2/4: Retrieved 100 items.
[2026-09-09T20:04:46.685+0000] {subprocess.py:93} INFO -   -> Page 3/4: Retrieved 100 items.
[2026-09-09T20:04:46.685+0000] {subprocess.py:93} INFO -   -> Page 4/4: Retrieved 76 items.
[2026-09-09T20:04:46.685+0000] {subprocess.py:93} INFO -   ✓ Saved 376 items to: /opt/airflow/data/bronze/bindawood/fruits_and_vegetables_raw.json
[2026-09-09T20:04:46.685+0000] {subprocess.py:93} INFO - 
[2026-09-09T20:04:46.685+0000] {subprocess.py:93} INFO - === BinDawood Extraction Completed Successfully ===
[2026-09-09T20:04:46.690+0000] {subprocess.py:97} INFO - Command exited with return code 0
[2026-09-09T20:04:46.702+0000] {taskinstance.py:1138} INFO - Marking task as SUCCESS. dag_id=weekly_grocery_pipeline, task_id=bronze_extract_bindawood, execution_date=20260909T200417, start_date=20260909T200418, end_date=20260909T200446
[2026-09-09T20:04:46.728+0000] {local_task_job_runner.py:234} INFO - Task exited with return code 0
[2026-09-09T20:04:46.738+0000] {taskinstance.py:3280} INFO - 1 downstream tasks scheduled from follow-on schedule check
