[2026-09-09T20:09:41.374+0000] {taskinstance.py:1956} INFO - Dependencies all met for dep_context=non-requeueable deps ti=<TaskInstance: weekly_grocery_pipeline.silver_clean_bindawood manual__2026-09-09T20:08:55+00:00 [queued]>
[2026-09-09T20:09:41.376+0000] {taskinstance.py:1956} INFO - Dependencies all met for dep_context=requeueable deps ti=<TaskInstance: weekly_grocery_pipeline.silver_clean_bindawood manual__2026-09-09T20:08:55+00:00 [queued]>
[2026-09-09T20:09:41.376+0000] {taskinstance.py:2170} INFO - Starting attempt 1 of 2
[2026-09-09T20:09:41.387+0000] {taskinstance.py:2191} INFO - Executing <Task(BashOperator): silver_clean_bindawood> on 2026-09-09 20:08:55+00:00
[2026-09-09T20:09:41.388+0000] {standard_task_runner.py:60} INFO - Started process 336 to run task
[2026-09-09T20:09:41.390+0000] {standard_task_runner.py:87} INFO - Running: ['airflow', 'tasks', 'run', 'weekly_grocery_pipeline', 'silver_clean_bindawood', 'manual__2026-09-09T20:08:55+00:00', '--job-id', '48', '--raw', '--subdir', 'DAGS_FOLDER/weekly_grocery_pipeline.py', '--cfg-path', '/tmp/tmpp0a94kcs']
[2026-09-09T20:09:41.391+0000] {standard_task_runner.py:88} INFO - Job 48: Subtask silver_clean_bindawood
[2026-09-09T20:09:41.421+0000] {task_command.py:423} INFO - Running <TaskInstance: weekly_grocery_pipeline.silver_clean_bindawood manual__2026-09-09T20:08:55+00:00 [running]> on host 185da616c941
[2026-09-09T20:09:41.472+0000] {taskinstance.py:2480} INFO - Exporting env vars: AIRFLOW_CTX_DAG_OWNER='shaleh' AIRFLOW_CTX_DAG_ID='weekly_grocery_pipeline' AIRFLOW_CTX_TASK_ID='silver_clean_bindawood' AIRFLOW_CTX_EXECUTION_DATE='2026-09-09T20:08:55+00:00' AIRFLOW_CTX_TRY_NUMBER='1' AIRFLOW_CTX_DAG_RUN_ID='manual__2026-09-09T20:08:55+00:00'
[2026-09-09T20:09:41.473+0000] {subprocess.py:63} INFO - Tmp dir root location: /tmp
[2026-09-09T20:09:41.474+0000] {subprocess.py:75} INFO - Running command: ['/usr/bin/bash', '-c', 'python -m src.silver.clean_bindawood']
[2026-09-09T20:09:41.478+0000] {subprocess.py:86} INFO - Output:
[2026-09-09T20:09:41.766+0000] {subprocess.py:93} INFO - === [BinDawood] Starting Silver Clean Pipeline (Dairy-Enhanced) ===
[2026-09-09T20:09:41.766+0000] {subprocess.py:93} INFO -   ✓ Cleaned 1000 products (Sizes: 983 | Barcodes: 794 | Deals: 128) -> beverages_clean.json
[2026-09-09T20:09:41.766+0000] {subprocess.py:93} INFO -   ✓ Cleaned 1000 products (Sizes: 998 | Barcodes: 912 | Deals: 197) -> dairy_and_eggs_clean.json
[2026-09-09T20:09:41.766+0000] {subprocess.py:93} INFO -   ✓ Cleaned 376 products (Sizes: 278 | Barcodes: 222 | Deals: 0) -> fruits_and_vegetables_clean.json
[2026-09-09T20:09:41.768+0000] {subprocess.py:97} INFO - Command exited with return code 0
[2026-09-09T20:09:41.781+0000] {taskinstance.py:1138} INFO - Marking task as SUCCESS. dag_id=weekly_grocery_pipeline, task_id=silver_clean_bindawood, execution_date=20260909T200855, start_date=20260909T200941, end_date=20260909T200941
[2026-09-09T20:09:41.796+0000] {local_task_job_runner.py:234} INFO - Task exited with return code 0
[2026-09-09T20:09:41.807+0000] {taskinstance.py:3280} INFO - 0 downstream tasks scheduled from follow-on schedule check
