[2026-09-10T11:38:29.632+0000] {taskinstance.py:1956} INFO - Dependencies all met for dep_context=non-requeueable deps ti=<TaskInstance: weekly_grocery_pipeline.silver_clean_lulu manual__2026-09-10T11:37:24.341949+00:00 [queued]>
[2026-09-10T11:38:29.635+0000] {taskinstance.py:1956} INFO - Dependencies all met for dep_context=requeueable deps ti=<TaskInstance: weekly_grocery_pipeline.silver_clean_lulu manual__2026-09-10T11:37:24.341949+00:00 [queued]>
[2026-09-10T11:38:29.635+0000] {taskinstance.py:2170} INFO - Starting attempt 1 of 2
[2026-09-10T11:38:29.639+0000] {taskinstance.py:2191} INFO - Executing <Task(BashOperator): silver_clean_lulu> on 2026-09-10 11:37:24.341949+00:00
[2026-09-10T11:38:29.641+0000] {standard_task_runner.py:60} INFO - Started process 230 to run task
[2026-09-10T11:38:29.642+0000] {standard_task_runner.py:87} INFO - Running: ['airflow', 'tasks', 'run', 'weekly_grocery_pipeline', 'silver_clean_lulu', 'manual__2026-09-10T11:37:24.341949+00:00', '--job-id', '88', '--raw', '--subdir', 'DAGS_FOLDER/weekly_grocery_pipeline.py', '--cfg-path', '/tmp/tmppcgdopw7']
[2026-09-10T11:38:29.643+0000] {standard_task_runner.py:88} INFO - Job 88: Subtask silver_clean_lulu
[2026-09-10T11:38:29.662+0000] {task_command.py:423} INFO - Running <TaskInstance: weekly_grocery_pipeline.silver_clean_lulu manual__2026-09-10T11:37:24.341949+00:00 [running]> on host 243d47e55d6f
[2026-09-10T11:38:29.695+0000] {taskinstance.py:2480} INFO - Exporting env vars: AIRFLOW_CTX_DAG_OWNER='shaleh' AIRFLOW_CTX_DAG_ID='weekly_grocery_pipeline' AIRFLOW_CTX_TASK_ID='silver_clean_lulu' AIRFLOW_CTX_EXECUTION_DATE='2026-09-10T11:37:24.341949+00:00' AIRFLOW_CTX_TRY_NUMBER='1' AIRFLOW_CTX_DAG_RUN_ID='manual__2026-09-10T11:37:24.341949+00:00'
[2026-09-10T11:38:29.695+0000] {subprocess.py:63} INFO - Tmp dir root location: /tmp
[2026-09-10T11:38:29.696+0000] {subprocess.py:75} INFO - Running command: ['/usr/bin/bash', '-c', 'python -m src.silver.clean_lulu']
[2026-09-10T11:38:29.699+0000] {subprocess.py:86} INFO - Output:
[2026-09-10T11:38:29.870+0000] {subprocess.py:93} INFO - === [Lulu] Starting Silver Clean Pipeline (Dairy-Enhanced) ===
[2026-09-10T11:38:29.871+0000] {subprocess.py:93} INFO -   ✓ Cleaned 1458 products (Sizes: 1370 | Barcodes: 1458 | Deals: 184) -> beverages_clean.json
[2026-09-10T11:38:29.871+0000] {subprocess.py:93} INFO -   ✓ Cleaned 664 products (Sizes: 659 | Barcodes: 664 | Deals: 120) -> dairy_and_eggs_clean.json
[2026-09-10T11:38:29.871+0000] {subprocess.py:93} INFO -   ✓ Cleaned 272 products (Sizes: 218 | Barcodes: 272 | Deals: 12) -> fruits_and_vegetables_clean.json
[2026-09-10T11:38:29.874+0000] {subprocess.py:97} INFO - Command exited with return code 0
[2026-09-10T11:38:29.887+0000] {taskinstance.py:1138} INFO - Marking task as SUCCESS. dag_id=weekly_grocery_pipeline, task_id=silver_clean_lulu, execution_date=20260910T113724, start_date=20260910T113829, end_date=20260910T113829
[2026-09-10T11:38:29.901+0000] {local_task_job_runner.py:234} INFO - Task exited with return code 0
[2026-09-10T11:38:29.915+0000] {taskinstance.py:3280} INFO - 3 downstream tasks scheduled from follow-on schedule check
