[2026-09-10T11:37:25.191+0000] {taskinstance.py:1956} INFO - Dependencies all met for dep_context=non-requeueable deps ti=<TaskInstance: weekly_grocery_pipeline.bronze_extract_tamimi manual__2026-09-10T11:37:24.341949+00:00 [queued]>
[2026-09-10T11:37:25.199+0000] {taskinstance.py:1956} INFO - Dependencies all met for dep_context=requeueable deps ti=<TaskInstance: weekly_grocery_pipeline.bronze_extract_tamimi manual__2026-09-10T11:37:24.341949+00:00 [queued]>
[2026-09-10T11:37:25.199+0000] {taskinstance.py:2170} INFO - Starting attempt 1 of 2
[2026-09-10T11:37:25.207+0000] {taskinstance.py:2191} INFO - Executing <Task(BashOperator): bronze_extract_tamimi> on 2026-09-10 11:37:24.341949+00:00
[2026-09-10T11:37:25.210+0000] {standard_task_runner.py:60} INFO - Started process 203 to run task
[2026-09-10T11:37:25.212+0000] {standard_task_runner.py:87} INFO - Running: ['airflow', 'tasks', 'run', 'weekly_grocery_pipeline', 'bronze_extract_tamimi', 'manual__2026-09-10T11:37:24.341949+00:00', '--job-id', '85', '--raw', '--subdir', 'DAGS_FOLDER/weekly_grocery_pipeline.py', '--cfg-path', '/tmp/tmpfv_3p93w']
[2026-09-10T11:37:25.213+0000] {standard_task_runner.py:88} INFO - Job 85: Subtask bronze_extract_tamimi
[2026-09-10T11:37:25.248+0000] {task_command.py:423} INFO - Running <TaskInstance: weekly_grocery_pipeline.bronze_extract_tamimi manual__2026-09-10T11:37:24.341949+00:00 [running]> on host 243d47e55d6f
[2026-09-10T11:37:25.293+0000] {taskinstance.py:2480} INFO - Exporting env vars: AIRFLOW_CTX_DAG_OWNER='shaleh' AIRFLOW_CTX_DAG_ID='weekly_grocery_pipeline' AIRFLOW_CTX_TASK_ID='bronze_extract_tamimi' AIRFLOW_CTX_EXECUTION_DATE='2026-09-10T11:37:24.341949+00:00' AIRFLOW_CTX_TRY_NUMBER='1' AIRFLOW_CTX_DAG_RUN_ID='manual__2026-09-10T11:37:24.341949+00:00'
[2026-09-10T11:37:25.293+0000] {subprocess.py:63} INFO - Tmp dir root location: /tmp
[2026-09-10T11:37:25.294+0000] {subprocess.py:75} INFO - Running command: ['/usr/bin/bash', '-c', 'python -m src.bronze.extract_tamimi']
[2026-09-10T11:37:25.299+0000] {subprocess.py:86} INFO - Output:
[2026-09-10T11:38:01.461+0000] {subprocess.py:93} INFO - =================================================================
[2026-09-10T11:38:01.464+0000] {subprocess.py:93} INFO - 🛒 EXTRACTING & NORMALIZING TAMIMI BRONZE DATA
[2026-09-10T11:38:01.465+0000] {subprocess.py:93} INFO - =================================================================
[2026-09-10T11:38:01.466+0000] {subprocess.py:93} INFO - 
[2026-09-10T11:38:01.467+0000] {subprocess.py:93} INFO - [*] Processing: Fresh Fruits & Veg
[2026-09-10T11:38:01.469+0000] {subprocess.py:93} INFO -     • Page 1  (offset 0   ): Total kept: 95
[2026-09-10T11:38:01.469+0000] {subprocess.py:93} INFO -     • Page 2  (offset 100 ): Total kept: 175
[2026-09-10T11:38:01.469+0000] {subprocess.py:93} INFO -     • Page 3  (offset 200 ): Total kept: 218
[2026-09-10T11:38:01.469+0000] {subprocess.py:93} INFO -     • Page 4  (offset 300 ): Total kept: 260
[2026-09-10T11:38:01.469+0000] {subprocess.py:93} INFO -     • Page 5  (offset 400 ): Total kept: 336
[2026-09-10T11:38:01.469+0000] {subprocess.py:93} INFO -     • Page 6  (offset 500 ): Total kept: 434
[2026-09-10T11:38:01.469+0000] {subprocess.py:93} INFO -     • Page 7  (offset 600 ): Total kept: 529
[2026-09-10T11:38:01.469+0000] {subprocess.py:93} INFO -     • Page 8  (offset 698 ): Total kept: 619
[2026-09-10T11:38:01.470+0000] {subprocess.py:93} INFO -   ✓ Saved 1461 normalized items to: fruits_and_vegetables_raw.json
[2026-09-10T11:38:01.470+0000] {subprocess.py:93} INFO - 
[2026-09-10T11:38:01.470+0000] {subprocess.py:93} INFO - [*] Processing: Dairy & Eggs
[2026-09-10T11:38:01.470+0000] {subprocess.py:93} INFO -     • Page 1  (offset 0   ): Total kept: 67
[2026-09-10T11:38:01.470+0000] {subprocess.py:93} INFO -     • Page 2  (offset 100 ): Total kept: 166
[2026-09-10T11:38:01.470+0000] {subprocess.py:93} INFO -     • Page 3  (offset 200 ): Total kept: 263
[2026-09-10T11:38:01.470+0000] {subprocess.py:93} INFO -     • Page 4  (offset 300 ): Total kept: 363
[2026-09-10T11:38:01.470+0000] {subprocess.py:93} INFO -     • Page 5  (offset 400 ): Total kept: 462
[2026-09-10T11:38:01.470+0000] {subprocess.py:93} INFO -     • Page 6  (offset 500 ): Total kept: 562
[2026-09-10T11:38:01.470+0000] {subprocess.py:93} INFO -     • Page 7  (offset 600 ): Total kept: 658
[2026-09-10T11:38:01.470+0000] {subprocess.py:93} INFO -     • Page 8  (offset 700 ): Total kept: 755
[2026-09-10T11:38:01.470+0000] {subprocess.py:93} INFO -     • Page 9  (offset 800 ): Total kept: 845
[2026-09-10T11:38:01.470+0000] {subprocess.py:93} INFO -     • Page 10 (offset 900 ): Total kept: 930
[2026-09-10T11:38:01.470+0000] {subprocess.py:93} INFO -     • Page 11 (offset 1000): Total kept: 1015
[2026-09-10T11:38:01.470+0000] {subprocess.py:93} INFO -     • Page 12 (offset 1100): Total kept: 1085
[2026-09-10T11:38:01.471+0000] {subprocess.py:93} INFO -     • Page 13 (offset 1200): Total kept: 1177
[2026-09-10T11:38:01.471+0000] {subprocess.py:93} INFO -     • Page 14 (offset 1300): Total kept: 1214
[2026-09-10T11:38:01.471+0000] {subprocess.py:93} INFO -   ✓ Saved 1525 normalized items to: dairy_and_eggs_raw.json
[2026-09-10T11:38:01.471+0000] {subprocess.py:93} INFO - 
[2026-09-10T11:38:01.471+0000] {subprocess.py:93} INFO - [*] Processing: Beverages & Water
[2026-09-10T11:38:01.471+0000] {subprocess.py:93} INFO -     • Page 1  (offset 0   ): Total kept: 100
[2026-09-10T11:38:01.471+0000] {subprocess.py:93} INFO -     • Page 2  (offset 100 ): Total kept: 200
[2026-09-10T11:38:01.471+0000] {subprocess.py:93} INFO -     • Page 3  (offset 200 ): Total kept: 299
[2026-09-10T11:38:01.471+0000] {subprocess.py:93} INFO -     • Page 4  (offset 300 ): Total kept: 399
[2026-09-10T11:38:01.471+0000] {subprocess.py:93} INFO -     • Page 5  (offset 400 ): Total kept: 496
[2026-09-10T11:38:01.471+0000] {subprocess.py:93} INFO -     • Page 6  (offset 500 ): Total kept: 593
[2026-09-10T11:38:01.471+0000] {subprocess.py:93} INFO -     • Page 7  (offset 600 ): Total kept: 689
[2026-09-10T11:38:01.471+0000] {subprocess.py:93} INFO -     • Page 8  (offset 700 ): Total kept: 743
[2026-09-10T11:38:01.471+0000] {subprocess.py:93} INFO -   ✓ Saved 1336 normalized items to: beverages_raw.json
[2026-09-10T11:38:01.471+0000] {subprocess.py:93} INFO - 
[2026-09-10T11:38:01.471+0000] {subprocess.py:93} INFO - =================================================================
[2026-09-10T11:38:01.471+0000] {subprocess.py:93} INFO - 🎉 TAMIMI FINISHED! Total Saved: 4,322 items
[2026-09-10T11:38:01.471+0000] {subprocess.py:93} INFO - =================================================================
[2026-09-10T11:38:01.472+0000] {subprocess.py:97} INFO - Command exited with return code 0
[2026-09-10T11:38:01.484+0000] {taskinstance.py:1138} INFO - Marking task as SUCCESS. dag_id=weekly_grocery_pipeline, task_id=bronze_extract_tamimi, execution_date=20260910T113724, start_date=20260910T113725, end_date=20260910T113801
[2026-09-10T11:38:01.509+0000] {local_task_job_runner.py:234} INFO - Task exited with return code 0
[2026-09-10T11:38:01.520+0000] {taskinstance.py:3280} INFO - 1 downstream tasks scheduled from follow-on schedule check
