[2026-09-10T11:38:02.288+0000] {taskinstance.py:1956} INFO - Dependencies all met for dep_context=non-requeueable deps ti=<TaskInstance: weekly_grocery_pipeline.silver_clean_tamimi manual__2026-09-10T11:37:24.341949+00:00 [queued]>
[2026-09-10T11:38:02.290+0000] {taskinstance.py:1956} INFO - Dependencies all met for dep_context=requeueable deps ti=<TaskInstance: weekly_grocery_pipeline.silver_clean_tamimi manual__2026-09-10T11:37:24.341949+00:00 [queued]>
[2026-09-10T11:38:02.290+0000] {taskinstance.py:2170} INFO - Starting attempt 1 of 2
[2026-09-10T11:38:02.294+0000] {taskinstance.py:2191} INFO - Executing <Task(BashOperator): silver_clean_tamimi> on 2026-09-10 11:37:24.341949+00:00
[2026-09-10T11:38:02.296+0000] {standard_task_runner.py:60} INFO - Started process 220 to run task
[2026-09-10T11:38:02.297+0000] {standard_task_runner.py:87} INFO - Running: ['airflow', 'tasks', 'run', 'weekly_grocery_pipeline', 'silver_clean_tamimi', 'manual__2026-09-10T11:37:24.341949+00:00', '--job-id', '87', '--raw', '--subdir', 'DAGS_FOLDER/weekly_grocery_pipeline.py', '--cfg-path', '/tmp/tmpguat8fi1']
[2026-09-10T11:38:02.298+0000] {standard_task_runner.py:88} INFO - Job 87: Subtask silver_clean_tamimi
[2026-09-10T11:38:02.318+0000] {task_command.py:423} INFO - Running <TaskInstance: weekly_grocery_pipeline.silver_clean_tamimi manual__2026-09-10T11:37:24.341949+00:00 [running]> on host 243d47e55d6f
[2026-09-10T11:38:02.349+0000] {taskinstance.py:2480} INFO - Exporting env vars: AIRFLOW_CTX_DAG_OWNER='shaleh' AIRFLOW_CTX_DAG_ID='weekly_grocery_pipeline' AIRFLOW_CTX_TASK_ID='silver_clean_tamimi' AIRFLOW_CTX_EXECUTION_DATE='2026-09-10T11:37:24.341949+00:00' AIRFLOW_CTX_TRY_NUMBER='1' AIRFLOW_CTX_DAG_RUN_ID='manual__2026-09-10T11:37:24.341949+00:00'
[2026-09-10T11:38:02.350+0000] {subprocess.py:63} INFO - Tmp dir root location: /tmp
[2026-09-10T11:38:02.350+0000] {subprocess.py:75} INFO - Running command: ['/usr/bin/bash', '-c', 'python -m src.silver.clean_tamimi']
[2026-09-10T11:38:02.353+0000] {subprocess.py:86} INFO - Output:
[2026-09-10T11:38:02.485+0000] {subprocess.py:93} INFO - === [Tamimi] Starting Silver Clean Pipeline (Dairy-Enhanced) ===
[2026-09-10T11:38:02.485+0000] {subprocess.py:93} INFO -   ✓ Cleaned 1336 products (Sizes: 1331 | Barcodes: 1336 | Deals: 258) -> beverages_clean.json
[2026-09-10T11:38:02.485+0000] {subprocess.py:93} INFO -   ✓ Cleaned 1525 products (Sizes: 1443 | Barcodes: 1525 | Deals: 318) -> dairy_and_eggs_clean.json
[2026-09-10T11:38:02.485+0000] {subprocess.py:93} INFO -   ✓ Cleaned 1461 products (Sizes: 1423 | Barcodes: 1461 | Deals: 66) -> fruits_and_vegetables_clean.json
[2026-09-10T11:38:02.488+0000] {subprocess.py:97} INFO - Command exited with return code 0
[2026-09-10T11:38:02.499+0000] {taskinstance.py:1138} INFO - Marking task as SUCCESS. dag_id=weekly_grocery_pipeline, task_id=silver_clean_tamimi, execution_date=20260910T113724, start_date=20260910T113802, end_date=20260910T113802
[2026-09-10T11:38:02.512+0000] {local_task_job_runner.py:234} INFO - Task exited with return code 0
[2026-09-10T11:38:02.522+0000] {taskinstance.py:3280} INFO - 0 downstream tasks scheduled from follow-on schedule check
