[2026-09-10T01:04:35.235+0000] {taskinstance.py:1956} INFO - Dependencies all met for dep_context=non-requeueable deps ti=<TaskInstance: weekly_grocery_pipeline.silver_clean_tamimi manual__2026-09-10T01:03:06.809470+00:00 [queued]>
[2026-09-10T01:04:35.238+0000] {taskinstance.py:1956} INFO - Dependencies all met for dep_context=requeueable deps ti=<TaskInstance: weekly_grocery_pipeline.silver_clean_tamimi manual__2026-09-10T01:03:06.809470+00:00 [queued]>
[2026-09-10T01:04:35.238+0000] {taskinstance.py:2170} INFO - Starting attempt 1 of 2
[2026-09-10T01:04:35.242+0000] {taskinstance.py:2191} INFO - Executing <Task(BashOperator): silver_clean_tamimi> on 2026-09-10 01:03:06.809470+00:00
[2026-09-10T01:04:35.244+0000] {standard_task_runner.py:60} INFO - Started process 240 to run task
[2026-09-10T01:04:35.245+0000] {standard_task_runner.py:87} INFO - Running: ['airflow', 'tasks', 'run', 'weekly_grocery_pipeline', 'silver_clean_tamimi', 'manual__2026-09-10T01:03:06.809470+00:00', '--job-id', '62', '--raw', '--subdir', 'DAGS_FOLDER/weekly_grocery_pipeline.py', '--cfg-path', '/tmp/tmp9fci1ujr']
[2026-09-10T01:04:35.246+0000] {standard_task_runner.py:88} INFO - Job 62: Subtask silver_clean_tamimi
[2026-09-10T01:04:35.265+0000] {task_command.py:423} INFO - Running <TaskInstance: weekly_grocery_pipeline.silver_clean_tamimi manual__2026-09-10T01:03:06.809470+00:00 [running]> on host d6853e0c6c65
[2026-09-10T01:04:35.296+0000] {taskinstance.py:2480} INFO - Exporting env vars: AIRFLOW_CTX_DAG_OWNER='shaleh' AIRFLOW_CTX_DAG_ID='weekly_grocery_pipeline' AIRFLOW_CTX_TASK_ID='silver_clean_tamimi' AIRFLOW_CTX_EXECUTION_DATE='2026-09-10T01:03:06.809470+00:00' AIRFLOW_CTX_TRY_NUMBER='1' AIRFLOW_CTX_DAG_RUN_ID='manual__2026-09-10T01:03:06.809470+00:00'
[2026-09-10T01:04:35.296+0000] {subprocess.py:63} INFO - Tmp dir root location: /tmp
[2026-09-10T01:04:35.297+0000] {subprocess.py:75} INFO - Running command: ['/usr/bin/bash', '-c', 'python -m src.silver.clean_tamimi']
[2026-09-10T01:04:35.299+0000] {subprocess.py:86} INFO - Output:
[2026-09-10T01:04:35.399+0000] {subprocess.py:93} INFO - === [Tamimi] Starting Silver Clean Pipeline (Dairy-Enhanced) ===
[2026-09-10T01:04:35.399+0000] {subprocess.py:93} INFO -   ✓ Cleaned 1066 products (Sizes: 1061 | Barcodes: 1066 | Deals: 236) -> beverages_clean.json
[2026-09-10T01:04:35.399+0000] {subprocess.py:93} INFO -   ✓ Cleaned 1314 products (Sizes: 1246 | Barcodes: 1314 | Deals: 293) -> dairy_and_eggs_clean.json
[2026-09-10T01:04:35.399+0000] {subprocess.py:93} INFO -   ✓ Cleaned 681 products (Sizes: 669 | Barcodes: 681 | Deals: 61) -> fruits_and_vegetables_clean.json
[2026-09-10T01:04:35.401+0000] {subprocess.py:97} INFO - Command exited with return code 0
[2026-09-10T01:04:35.414+0000] {taskinstance.py:1138} INFO - Marking task as SUCCESS. dag_id=weekly_grocery_pipeline, task_id=silver_clean_tamimi, execution_date=20260910T010306, start_date=20260910T010435, end_date=20260910T010435
[2026-09-10T01:04:35.460+0000] {local_task_job_runner.py:234} INFO - Task exited with return code 0
[2026-09-10T01:04:35.473+0000] {taskinstance.py:3280} INFO - 0 downstream tasks scheduled from follow-on schedule check
