[2026-09-10T11:38:30.736+0000] {taskinstance.py:1956} INFO - Dependencies all met for dep_context=non-requeueable deps ti=<TaskInstance: weekly_grocery_pipeline.gold_match_fruits_and_veg manual__2026-09-10T11:37:24.341949+00:00 [queued]>
[2026-09-10T11:38:30.739+0000] {taskinstance.py:1956} INFO - Dependencies all met for dep_context=requeueable deps ti=<TaskInstance: weekly_grocery_pipeline.gold_match_fruits_and_veg manual__2026-09-10T11:37:24.341949+00:00 [queued]>
[2026-09-10T11:38:30.739+0000] {taskinstance.py:2170} INFO - Starting attempt 1 of 2
[2026-09-10T11:38:30.744+0000] {taskinstance.py:2191} INFO - Executing <Task(BashOperator): gold_match_fruits_and_veg> on 2026-09-10 11:37:24.341949+00:00
[2026-09-10T11:38:30.747+0000] {standard_task_runner.py:60} INFO - Started process 237 to run task
[2026-09-10T11:38:30.749+0000] {standard_task_runner.py:87} INFO - Running: ['airflow', 'tasks', 'run', 'weekly_grocery_pipeline', 'gold_match_fruits_and_veg', 'manual__2026-09-10T11:37:24.341949+00:00', '--job-id', '91', '--raw', '--subdir', 'DAGS_FOLDER/weekly_grocery_pipeline.py', '--cfg-path', '/tmp/tmp041_b2da']
[2026-09-10T11:38:30.752+0000] {standard_task_runner.py:88} INFO - Job 91: Subtask gold_match_fruits_and_veg
[2026-09-10T11:38:30.780+0000] {task_command.py:423} INFO - Running <TaskInstance: weekly_grocery_pipeline.gold_match_fruits_and_veg manual__2026-09-10T11:37:24.341949+00:00 [running]> on host 243d47e55d6f
[2026-09-10T11:38:30.819+0000] {taskinstance.py:2480} INFO - Exporting env vars: AIRFLOW_CTX_DAG_OWNER='shaleh' AIRFLOW_CTX_DAG_ID='weekly_grocery_pipeline' AIRFLOW_CTX_TASK_ID='gold_match_fruits_and_veg' AIRFLOW_CTX_EXECUTION_DATE='2026-09-10T11:37:24.341949+00:00' AIRFLOW_CTX_TRY_NUMBER='1' AIRFLOW_CTX_DAG_RUN_ID='manual__2026-09-10T11:37:24.341949+00:00'
[2026-09-10T11:38:30.819+0000] {subprocess.py:63} INFO - Tmp dir root location: /tmp
[2026-09-10T11:38:30.820+0000] {subprocess.py:75} INFO - Running command: ['/usr/bin/bash', '-c', 'python -m src.gold.matched_fruits_and_vegetables']
[2026-09-10T11:38:30.823+0000] {subprocess.py:86} INFO - Output:
[2026-09-10T11:38:34.204+0000] {subprocess.py:93} INFO - =================================================================
[2026-09-10T11:38:34.207+0000] {subprocess.py:93} INFO - 🌾 RUNNING ADVANCED GASTAT PRODUCE MATCHER (ALL OFFICIAL ITEMS)
[2026-09-10T11:38:34.207+0000] {subprocess.py:93} INFO - =================================================================
[2026-09-10T11:38:34.207+0000] {subprocess.py:93} INFO -   • Successfully extracted 41 distinct official GASTAT commodities.
[2026-09-10T11:38:34.207+0000] {subprocess.py:93} INFO - 
[2026-09-10T11:38:34.207+0000] {subprocess.py:93} INFO - =================================================================
[2026-09-10T11:38:34.207+0000] {subprocess.py:93} INFO - 📊 GASTAT OFFICIAL BASKET REPORT:
[2026-09-10T11:38:34.208+0000] {subprocess.py:93} INFO -    • Total Official Commodities: 41
[2026-09-10T11:38:34.208+0000] {subprocess.py:93} INFO -    • Matched Tri-Store Clusters : 33 clusters
[2026-09-10T11:38:34.208+0000] {subprocess.py:93} INFO -    • Official Basket Coverage   : 80.49%
[2026-09-10T11:38:34.208+0000] {subprocess.py:93} INFO -    • Matched Store Items        : 99 products
[2026-09-10T11:38:34.208+0000] {subprocess.py:93} INFO -    • Output File                : matched_fruits_and_vegetables.json
[2026-09-10T11:38:34.208+0000] {subprocess.py:93} INFO - =================================================================
[2026-09-10T11:38:34.208+0000] {subprocess.py:97} INFO - Command exited with return code 0
[2026-09-10T11:38:34.221+0000] {taskinstance.py:1138} INFO - Marking task as SUCCESS. dag_id=weekly_grocery_pipeline, task_id=gold_match_fruits_and_veg, execution_date=20260910T113724, start_date=20260910T113830, end_date=20260910T113834
[2026-09-10T11:38:34.228+0000] {local_task_job_runner.py:234} INFO - Task exited with return code 0
[2026-09-10T11:38:34.240+0000] {taskinstance.py:3280} INFO - 1 downstream tasks scheduled from follow-on schedule check
