[2026-09-10T01:10:25.066+0000] {taskinstance.py:1956} INFO - Dependencies all met for dep_context=non-requeueable deps ti=<TaskInstance: weekly_grocery_pipeline.load_to_snowflake_dwh manual__2026-09-10T01:07:36.912977+00:00 [queued]>
[2026-09-10T01:10:25.069+0000] {taskinstance.py:1956} INFO - Dependencies all met for dep_context=requeueable deps ti=<TaskInstance: weekly_grocery_pipeline.load_to_snowflake_dwh manual__2026-09-10T01:07:36.912977+00:00 [queued]>
[2026-09-10T01:10:25.069+0000] {taskinstance.py:2170} INFO - Starting attempt 1 of 2
[2026-09-10T01:10:25.072+0000] {taskinstance.py:2191} INFO - Executing <Task(BashOperator): load_to_snowflake_dwh> on 2026-09-10 01:07:36.912977+00:00
[2026-09-10T01:10:25.074+0000] {standard_task_runner.py:60} INFO - Started process 368 to run task
[2026-09-10T01:10:25.075+0000] {standard_task_runner.py:87} INFO - Running: ['airflow', 'tasks', 'run', 'weekly_grocery_pipeline', 'load_to_snowflake_dwh', 'manual__2026-09-10T01:07:36.912977+00:00', '--job-id', '81', '--raw', '--subdir', 'DAGS_FOLDER/weekly_grocery_pipeline.py', '--cfg-path', '/tmp/tmp19o17rmn']
[2026-09-10T01:10:25.076+0000] {standard_task_runner.py:88} INFO - Job 81: Subtask load_to_snowflake_dwh
[2026-09-10T01:10:25.095+0000] {task_command.py:423} INFO - Running <TaskInstance: weekly_grocery_pipeline.load_to_snowflake_dwh manual__2026-09-10T01:07:36.912977+00:00 [running]> on host d6853e0c6c65
[2026-09-10T01:10:25.126+0000] {taskinstance.py:2480} INFO - Exporting env vars: AIRFLOW_CTX_DAG_OWNER='shaleh' AIRFLOW_CTX_DAG_ID='weekly_grocery_pipeline' AIRFLOW_CTX_TASK_ID='load_to_snowflake_dwh' AIRFLOW_CTX_EXECUTION_DATE='2026-09-10T01:07:36.912977+00:00' AIRFLOW_CTX_TRY_NUMBER='1' AIRFLOW_CTX_DAG_RUN_ID='manual__2026-09-10T01:07:36.912977+00:00'
[2026-09-10T01:10:25.126+0000] {subprocess.py:63} INFO - Tmp dir root location: /tmp
[2026-09-10T01:10:25.126+0000] {subprocess.py:75} INFO - Running command: ['/usr/bin/bash', '-c', 'python -m src.database.snowflake_loader']
[2026-09-10T01:10:25.129+0000] {subprocess.py:86} INFO - Output:
[2026-09-10T01:10:39.458+0000] {subprocess.py:93} INFO - [*] Snowflake User: ESSABOOBAID
[2026-09-10T01:10:39.459+0000] {subprocess.py:93} INFO - [*] Connecting to Snowflake Cloud...
[2026-09-10T01:10:39.459+0000] {subprocess.py:93} INFO - ✓ Connected successfully!
[2026-09-10T01:10:39.459+0000] {subprocess.py:93} INFO - 
[2026-09-10T01:10:39.459+0000] {subprocess.py:93} INFO - [*] Verifying database structure...
[2026-09-10T01:10:39.459+0000] {subprocess.py:93} INFO - ✓ Schema & Tables verified.
[2026-09-10T01:10:39.459+0000] {subprocess.py:93} INFO - 
[2026-09-10T01:10:39.460+0000] {subprocess.py:93} INFO - [*] Preparing batch payload for 392 store products...
[2026-09-10T01:10:39.460+0000] {subprocess.py:93} INFO - [*] Batch uploading DIM_MATCHED_PRODUCTS (388 unique items)...
[2026-09-10T01:10:39.460+0000] {subprocess.py:93} INFO - [*] Batch uploading FCT_PRICE_SNAPSHOTS (388 unique items)...
[2026-09-10T01:10:39.460+0000] {subprocess.py:93} INFO - [*] Batch uploading REF_GASTAT_PRICES (391 records)...
[2026-09-10T01:10:39.460+0000] {subprocess.py:93} INFO - 
[2026-09-10T01:10:39.460+0000] {subprocess.py:93} INFO - ============================================================
[2026-09-10T01:10:39.460+0000] {subprocess.py:93} INFO - 🚀 UNIFIED BATCH SUCCESS! Data Pipeline completed:
[2026-09-10T01:10:39.460+0000] {subprocess.py:93} INFO -   • DIM_MATCHED_PRODUCTS: 388 records synced
[2026-09-10T01:10:39.460+0000] {subprocess.py:93} INFO -   • FCT_PRICE_SNAPSHOTS:  388 records synced
[2026-09-10T01:10:39.460+0000] {subprocess.py:93} INFO -   • REF_GASTAT_PRICES:    391 records synced
[2026-09-10T01:10:39.461+0000] {subprocess.py:93} INFO - ============================================================
[2026-09-10T01:10:39.518+0000] {subprocess.py:97} INFO - Command exited with return code 0
[2026-09-10T01:10:39.540+0000] {taskinstance.py:1138} INFO - Marking task as SUCCESS. dag_id=weekly_grocery_pipeline, task_id=load_to_snowflake_dwh, execution_date=20260910T010736, start_date=20260910T011025, end_date=20260910T011039
[2026-09-10T01:10:39.576+0000] {local_task_job_runner.py:234} INFO - Task exited with return code 0
[2026-09-10T01:10:39.583+0000] {taskinstance.py:3280} INFO - 0 downstream tasks scheduled from follow-on schedule check
