[2026-09-10T01:10:23.989+0000] {taskinstance.py:1956} INFO - Dependencies all met for dep_context=non-requeueable deps ti=<TaskInstance: weekly_grocery_pipeline.gold_match_open_data_gastat manual__2026-09-10T01:07:36.912977+00:00 [queued]>
[2026-09-10T01:10:23.992+0000] {taskinstance.py:1956} INFO - Dependencies all met for dep_context=requeueable deps ti=<TaskInstance: weekly_grocery_pipeline.gold_match_open_data_gastat manual__2026-09-10T01:07:36.912977+00:00 [queued]>
[2026-09-10T01:10:23.992+0000] {taskinstance.py:2170} INFO - Starting attempt 1 of 2
[2026-09-10T01:10:23.996+0000] {taskinstance.py:2191} INFO - Executing <Task(BashOperator): gold_match_open_data_gastat> on 2026-09-10 01:07:36.912977+00:00
[2026-09-10T01:10:23.998+0000] {standard_task_runner.py:60} INFO - Started process 365 to run task
[2026-09-10T01:10:23.999+0000] {standard_task_runner.py:87} INFO - Running: ['airflow', 'tasks', 'run', 'weekly_grocery_pipeline', 'gold_match_open_data_gastat', 'manual__2026-09-10T01:07:36.912977+00:00', '--job-id', '80', '--raw', '--subdir', 'DAGS_FOLDER/weekly_grocery_pipeline.py', '--cfg-path', '/tmp/tmpxvckaez7']
[2026-09-10T01:10:24.000+0000] {standard_task_runner.py:88} INFO - Job 80: Subtask gold_match_open_data_gastat
[2026-09-10T01:10:24.021+0000] {task_command.py:423} INFO - Running <TaskInstance: weekly_grocery_pipeline.gold_match_open_data_gastat manual__2026-09-10T01:07:36.912977+00:00 [running]> on host d6853e0c6c65
[2026-09-10T01:10:24.054+0000] {taskinstance.py:2480} INFO - Exporting env vars: AIRFLOW_CTX_DAG_OWNER='shaleh' AIRFLOW_CTX_DAG_ID='weekly_grocery_pipeline' AIRFLOW_CTX_TASK_ID='gold_match_open_data_gastat' AIRFLOW_CTX_EXECUTION_DATE='2026-09-10T01:07:36.912977+00:00' AIRFLOW_CTX_TRY_NUMBER='1' AIRFLOW_CTX_DAG_RUN_ID='manual__2026-09-10T01:07:36.912977+00:00'
[2026-09-10T01:10:24.054+0000] {subprocess.py:63} INFO - Tmp dir root location: /tmp
[2026-09-10T01:10:24.055+0000] {subprocess.py:75} INFO - Running command: ['/usr/bin/bash', '-c', 'python -m src.gold.match_open_data_with_fruits_vige']
[2026-09-10T01:10:24.058+0000] {subprocess.py:86} INFO - Output:
[2026-09-10T01:10:24.202+0000] {subprocess.py:93} INFO - ======================================================================
[2026-09-10T01:10:24.202+0000] {subprocess.py:93} INFO - GASTAT ↔ FRUITS & VEGETABLES MATCHING PIPELINE
[2026-09-10T01:10:24.202+0000] {subprocess.py:93} INFO - ======================================================================
[2026-09-10T01:10:24.202+0000] {subprocess.py:93} INFO - 
[2026-09-10T01:10:24.202+0000] {subprocess.py:93} INFO - Checking files...
[2026-09-10T01:10:24.202+0000] {subprocess.py:93} INFO - GASTAT file   : /opt/airflow/data/open_data/gastat__fruits_and_vegetables_clean.json
[2026-09-10T01:10:24.202+0000] {subprocess.py:93} INFO - Products file : /opt/airflow/data/gold/matched_fruits_and_vegetables.json
[2026-09-10T01:10:24.203+0000] {subprocess.py:93} INFO - 
[2026-09-10T01:10:24.203+0000] {subprocess.py:93} INFO - Loading GASTAT data...
[2026-09-10T01:10:24.203+0000] {subprocess.py:93} INFO - Loading fruits & vegetables data...
[2026-09-10T01:10:24.203+0000] {subprocess.py:93} INFO - 
[2026-09-10T01:10:24.203+0000] {subprocess.py:93} INFO - GASTAT records   : 684
[2026-09-10T01:10:24.203+0000] {subprocess.py:93} INFO - Product records  : 31
[2026-09-10T01:10:24.203+0000] {subprocess.py:93} INFO - Unique GASTAT IDs: 41
[2026-09-10T01:10:24.203+0000] {subprocess.py:93} INFO - Processed 100/684 records...
[2026-09-10T01:10:24.203+0000] {subprocess.py:93} INFO - Processed 200/684 records...
[2026-09-10T01:10:24.203+0000] {subprocess.py:93} INFO - Processed 300/684 records...
[2026-09-10T01:10:24.203+0000] {subprocess.py:93} INFO - Processed 400/684 records...
[2026-09-10T01:10:24.203+0000] {subprocess.py:93} INFO - Processed 500/684 records...
[2026-09-10T01:10:24.203+0000] {subprocess.py:93} INFO - Processed 600/684 records...
[2026-09-10T01:10:24.203+0000] {subprocess.py:93} INFO - 
[2026-09-10T01:10:24.203+0000] {subprocess.py:93} INFO - ======================================================================
[2026-09-10T01:10:24.203+0000] {subprocess.py:93} INFO - PIPELINE COMPLETED
[2026-09-10T01:10:24.203+0000] {subprocess.py:93} INFO - ======================================================================
[2026-09-10T01:10:24.203+0000] {subprocess.py:93} INFO - GASTAT records processed : 684
[2026-09-10T01:10:24.203+0000] {subprocess.py:93} INFO - Unique GASTAT products   : 41
[2026-09-10T01:10:24.203+0000] {subprocess.py:93} INFO - Matched GASTAT products  : 33
[2026-09-10T01:10:24.204+0000] {subprocess.py:93} INFO - Unmatched GASTAT products: 8
[2026-09-10T01:10:24.204+0000] {subprocess.py:93} INFO - Total product matches    : 38
[2026-09-10T01:10:24.204+0000] {subprocess.py:93} INFO - 
[2026-09-10T01:10:24.204+0000] {subprocess.py:93} INFO - Output file:
[2026-09-10T01:10:24.204+0000] {subprocess.py:93} INFO - /opt/airflow/data/gold/gastat_fruits_and_vegetables_matched.json
[2026-09-10T01:10:24.204+0000] {subprocess.py:93} INFO - 
[2026-09-10T01:10:24.204+0000] {subprocess.py:93} INFO - Match summary:
[2026-09-10T01:10:24.204+0000] {subprocess.py:93} INFO -   GASTAT ID 1: 1 match(es)
[2026-09-10T01:10:24.204+0000] {subprocess.py:93} INFO -   GASTAT ID 2: 1 match(es)
[2026-09-10T01:10:24.204+0000] {subprocess.py:93} INFO -   GASTAT ID 3: 0 match(es)
[2026-09-10T01:10:24.204+0000] {subprocess.py:93} INFO -   GASTAT ID 4: 1 match(es)
[2026-09-10T01:10:24.204+0000] {subprocess.py:93} INFO -   GASTAT ID 5: 1 match(es)
[2026-09-10T01:10:24.204+0000] {subprocess.py:93} INFO -   GASTAT ID 6: 1 match(es)
[2026-09-10T01:10:24.204+0000] {subprocess.py:93} INFO -   GASTAT ID 7: 1 match(es)
[2026-09-10T01:10:24.204+0000] {subprocess.py:93} INFO -   GASTAT ID 8: 1 match(es)
[2026-09-10T01:10:24.204+0000] {subprocess.py:93} INFO -   GASTAT ID 9: 1 match(es)
[2026-09-10T01:10:24.204+0000] {subprocess.py:93} INFO -   GASTAT ID 10: 1 match(es)
[2026-09-10T01:10:24.204+0000] {subprocess.py:93} INFO -   GASTAT ID 11: 1 match(es)
[2026-09-10T01:10:24.204+0000] {subprocess.py:93} INFO -   GASTAT ID 12: 0 match(es)
[2026-09-10T01:10:24.205+0000] {subprocess.py:93} INFO -   GASTAT ID 13: 1 match(es)
[2026-09-10T01:10:24.205+0000] {subprocess.py:93} INFO -   GASTAT ID 14: 2 match(es)
[2026-09-10T01:10:24.205+0000] {subprocess.py:93} INFO -   GASTAT ID 15: 1 match(es)
[2026-09-10T01:10:24.205+0000] {subprocess.py:93} INFO -   GASTAT ID 16: 2 match(es)
[2026-09-10T01:10:24.205+0000] {subprocess.py:93} INFO -   GASTAT ID 17: 2 match(es)
[2026-09-10T01:10:24.205+0000] {subprocess.py:93} INFO -   GASTAT ID 18: 1 match(es)
[2026-09-10T01:10:24.205+0000] {subprocess.py:93} INFO -   GASTAT ID 19: 1 match(es)
[2026-09-10T01:10:24.205+0000] {subprocess.py:93} INFO -   GASTAT ID 20: 0 match(es)
[2026-09-10T01:10:24.205+0000] {subprocess.py:93} INFO -   GASTAT ID 21: 1 match(es)
[2026-09-10T01:10:24.205+0000] {subprocess.py:93} INFO -   GASTAT ID 22: 1 match(es)
[2026-09-10T01:10:24.205+0000] {subprocess.py:93} INFO -   GASTAT ID 23: 0 match(es)
[2026-09-10T01:10:24.206+0000] {subprocess.py:93} INFO -   GASTAT ID 24: 2 match(es)
[2026-09-10T01:10:24.206+0000] {subprocess.py:93} INFO -   GASTAT ID 25: 1 match(es)
[2026-09-10T01:10:24.206+0000] {subprocess.py:93} INFO -   GASTAT ID 26: 1 match(es)
[2026-09-10T01:10:24.206+0000] {subprocess.py:93} INFO -   GASTAT ID 27: 1 match(es)
[2026-09-10T01:10:24.206+0000] {subprocess.py:93} INFO -   GASTAT ID 28: 2 match(es)
[2026-09-10T01:10:24.206+0000] {subprocess.py:93} INFO -   GASTAT ID 29: 1 match(es)
[2026-09-10T01:10:24.206+0000] {subprocess.py:93} INFO -   GASTAT ID 30: 1 match(es)
[2026-09-10T01:10:24.206+0000] {subprocess.py:93} INFO -   GASTAT ID 31: 1 match(es)
[2026-09-10T01:10:24.206+0000] {subprocess.py:93} INFO -   GASTAT ID 32: 1 match(es)
[2026-09-10T01:10:24.206+0000] {subprocess.py:93} INFO -   GASTAT ID 33: 1 match(es)
[2026-09-10T01:10:24.206+0000] {subprocess.py:93} INFO -   GASTAT ID 34: 1 match(es)
[2026-09-10T01:10:24.206+0000] {subprocess.py:93} INFO -   GASTAT ID 35: 1 match(es)
[2026-09-10T01:10:24.206+0000] {subprocess.py:93} INFO -   GASTAT ID 36: 0 match(es)
[2026-09-10T01:10:24.206+0000] {subprocess.py:93} INFO -   GASTAT ID 37: 1 match(es)
[2026-09-10T01:10:24.206+0000] {subprocess.py:93} INFO -   GASTAT ID 38: 0 match(es)
[2026-09-10T01:10:24.206+0000] {subprocess.py:93} INFO -   GASTAT ID 39: 1 match(es)
[2026-09-10T01:10:24.206+0000] {subprocess.py:93} INFO -   GASTAT ID 40: 0 match(es)
[2026-09-10T01:10:24.206+0000] {subprocess.py:93} INFO -   GASTAT ID 41: 0 match(es)
[2026-09-10T01:10:24.206+0000] {subprocess.py:93} INFO - 
[2026-09-10T01:10:24.207+0000] {subprocess.py:93} INFO - Done.
[2026-09-10T01:10:24.207+0000] {subprocess.py:97} INFO - Command exited with return code 0
[2026-09-10T01:10:24.219+0000] {taskinstance.py:1138} INFO - Marking task as SUCCESS. dag_id=weekly_grocery_pipeline, task_id=gold_match_open_data_gastat, execution_date=20260910T010736, start_date=20260910T011023, end_date=20260910T011024
[2026-09-10T01:10:24.256+0000] {local_task_job_runner.py:234} INFO - Task exited with return code 0
[2026-09-10T01:10:24.266+0000] {taskinstance.py:3280} INFO - 0 downstream tasks scheduled from follow-on schedule check
