[2026-09-09T20:05:04.855+0000] {taskinstance.py:1956} INFO - Dependencies all met for dep_context=non-requeueable deps ti=<TaskInstance: weekly_grocery_pipeline.silver_clean_tamimi manual__2026-09-09T20:04:17.818431+00:00 [queued]>
[2026-09-09T20:05:04.857+0000] {taskinstance.py:1956} INFO - Dependencies all met for dep_context=requeueable deps ti=<TaskInstance: weekly_grocery_pipeline.silver_clean_tamimi manual__2026-09-09T20:04:17.818431+00:00 [queued]>
[2026-09-09T20:05:04.857+0000] {taskinstance.py:2170} INFO - Starting attempt 1 of 2
[2026-09-09T20:05:04.861+0000] {taskinstance.py:2191} INFO - Executing <Task(BashOperator): silver_clean_tamimi> on 2026-09-09 20:04:17.818431+00:00
[2026-09-09T20:05:04.862+0000] {standard_task_runner.py:60} INFO - Started process 251 to run task
[2026-09-09T20:05:04.864+0000] {standard_task_runner.py:87} INFO - Running: ['airflow', 'tasks', 'run', 'weekly_grocery_pipeline', 'silver_clean_tamimi', 'manual__2026-09-09T20:04:17.818431+00:00', '--job-id', '41', '--raw', '--subdir', 'DAGS_FOLDER/weekly_grocery_pipeline.py', '--cfg-path', '/tmp/tmpk68i0q62']
[2026-09-09T20:05:04.865+0000] {standard_task_runner.py:88} INFO - Job 41: Subtask silver_clean_tamimi
[2026-09-09T20:05:04.884+0000] {task_command.py:423} INFO - Running <TaskInstance: weekly_grocery_pipeline.silver_clean_tamimi manual__2026-09-09T20:04:17.818431+00:00 [running]> on host 185da616c941
[2026-09-09T20:05:04.915+0000] {taskinstance.py:2480} INFO - Exporting env vars: AIRFLOW_CTX_DAG_OWNER='shaleh' AIRFLOW_CTX_DAG_ID='weekly_grocery_pipeline' AIRFLOW_CTX_TASK_ID='silver_clean_tamimi' AIRFLOW_CTX_EXECUTION_DATE='2026-09-09T20:04:17.818431+00:00' AIRFLOW_CTX_TRY_NUMBER='1' AIRFLOW_CTX_DAG_RUN_ID='manual__2026-09-09T20:04:17.818431+00:00'
[2026-09-09T20:05:04.915+0000] {subprocess.py:63} INFO - Tmp dir root location: /tmp
[2026-09-09T20:05:04.916+0000] {subprocess.py:75} INFO - Running command: ['/usr/bin/bash', '-c', 'python -m src.silver.clean_tamimi']
[2026-09-09T20:05:04.918+0000] {subprocess.py:86} INFO - Output:
[2026-09-09T20:05:05.054+0000] {subprocess.py:93} INFO - === [Tamimi] Starting Silver Clean Pipeline (Dairy-Enhanced) ===
[2026-09-09T20:05:05.054+0000] {subprocess.py:93} INFO -   ✓ Cleaned 1366 products (Sizes: 1361 | Barcodes: 1366 | Deals: 259) -> beverages_clean.json
[2026-09-09T20:05:05.054+0000] {subprocess.py:93} INFO -   ✓ Cleaned 1619 products (Sizes: 1534 | Barcodes: 1619 | Deals: 328) -> dairy_and_eggs_clean.json
[2026-09-09T20:05:05.054+0000] {subprocess.py:93} INFO -   ✓ Cleaned 1606 products (Sizes: 1561 | Barcodes: 1606 | Deals: 67) -> fruits_and_vegetables_clean.json
[2026-09-09T20:05:05.057+0000] {subprocess.py:97} INFO - Command exited with return code 0
[2026-09-09T20:05:05.068+0000] {taskinstance.py:1138} INFO - Marking task as SUCCESS. dag_id=weekly_grocery_pipeline, task_id=silver_clean_tamimi, execution_date=20260909T200417, start_date=20260909T200504, end_date=20260909T200505
[2026-09-09T20:05:05.078+0000] {local_task_job_runner.py:234} INFO - Task exited with return code 0
[2026-09-09T20:05:05.087+0000] {taskinstance.py:3280} INFO - 0 downstream tasks scheduled from follow-on schedule check
