[2026-09-10T01:10:21.106+0000] {taskinstance.py:1956} INFO - Dependencies all met for dep_context=non-requeueable deps ti=<TaskInstance: weekly_grocery_pipeline.gold_match_fruits_and_veg manual__2026-09-10T01:07:36.912977+00:00 [queued]>
[2026-09-10T01:10:21.109+0000] {taskinstance.py:1956} INFO - Dependencies all met for dep_context=requeueable deps ti=<TaskInstance: weekly_grocery_pipeline.gold_match_fruits_and_veg manual__2026-09-10T01:07:36.912977+00:00 [queued]>
[2026-09-10T01:10:21.109+0000] {taskinstance.py:2170} INFO - Starting attempt 1 of 2
[2026-09-10T01:10:21.113+0000] {taskinstance.py:2191} INFO - Executing <Task(BashOperator): gold_match_fruits_and_veg> on 2026-09-10 01:07:36.912977+00:00
[2026-09-10T01:10:21.115+0000] {standard_task_runner.py:60} INFO - Started process 360 to run task
[2026-09-10T01:10:21.117+0000] {standard_task_runner.py:87} INFO - Running: ['airflow', 'tasks', 'run', 'weekly_grocery_pipeline', 'gold_match_fruits_and_veg', 'manual__2026-09-10T01:07:36.912977+00:00', '--job-id', '79', '--raw', '--subdir', 'DAGS_FOLDER/weekly_grocery_pipeline.py', '--cfg-path', '/tmp/tmpkos6zz12']
[2026-09-10T01:10:21.119+0000] {standard_task_runner.py:88} INFO - Job 79: Subtask gold_match_fruits_and_veg
[2026-09-10T01:10:21.141+0000] {task_command.py:423} INFO - Running <TaskInstance: weekly_grocery_pipeline.gold_match_fruits_and_veg manual__2026-09-10T01:07:36.912977+00:00 [running]> on host d6853e0c6c65
[2026-09-10T01:10:21.180+0000] {taskinstance.py:2480} INFO - Exporting env vars: AIRFLOW_CTX_DAG_OWNER='shaleh' AIRFLOW_CTX_DAG_ID='weekly_grocery_pipeline' AIRFLOW_CTX_TASK_ID='gold_match_fruits_and_veg' AIRFLOW_CTX_EXECUTION_DATE='2026-09-10T01:07:36.912977+00:00' AIRFLOW_CTX_TRY_NUMBER='1' AIRFLOW_CTX_DAG_RUN_ID='manual__2026-09-10T01:07:36.912977+00:00'
[2026-09-10T01:10:21.181+0000] {subprocess.py:63} INFO - Tmp dir root location: /tmp
[2026-09-10T01:10:21.181+0000] {subprocess.py:75} INFO - Running command: ['/usr/bin/bash', '-c', 'python -m src.gold.matched_fruits_and_vegetables']
[2026-09-10T01:10:21.184+0000] {subprocess.py:86} INFO - Output:
[2026-09-10T01:10:23.465+0000] {subprocess.py:93} INFO - =================================================================
[2026-09-10T01:10:23.466+0000] {subprocess.py:93} INFO - 🌾 RUNNING ADVANCED GASTAT PRODUCE MATCHER (ALL OFFICIAL ITEMS)
[2026-09-10T01:10:23.467+0000] {subprocess.py:93} INFO - =================================================================
[2026-09-10T01:10:23.467+0000] {subprocess.py:93} INFO -   • Successfully extracted 41 distinct official GASTAT commodities.
[2026-09-10T01:10:23.467+0000] {subprocess.py:93} INFO - 
[2026-09-10T01:10:23.467+0000] {subprocess.py:93} INFO - =================================================================
[2026-09-10T01:10:23.467+0000] {subprocess.py:93} INFO - 📊 GASTAT OFFICIAL BASKET REPORT:
[2026-09-10T01:10:23.467+0000] {subprocess.py:93} INFO -    • Total Official Commodities: 41
[2026-09-10T01:10:23.467+0000] {subprocess.py:93} INFO -    • Matched Tri-Store Clusters : 31 clusters
[2026-09-10T01:10:23.467+0000] {subprocess.py:93} INFO -    • Official Basket Coverage   : 75.61%
[2026-09-10T01:10:23.467+0000] {subprocess.py:93} INFO -    • Matched Store Items        : 93 products
[2026-09-10T01:10:23.467+0000] {subprocess.py:93} INFO -    • Output File                : matched_fruits_and_vegetables.json
[2026-09-10T01:10:23.467+0000] {subprocess.py:93} INFO - =================================================================
[2026-09-10T01:10:23.468+0000] {subprocess.py:97} INFO - Command exited with return code 0
[2026-09-10T01:10:23.481+0000] {taskinstance.py:1138} INFO - Marking task as SUCCESS. dag_id=weekly_grocery_pipeline, task_id=gold_match_fruits_and_veg, execution_date=20260910T010736, start_date=20260910T011021, end_date=20260910T011023
[2026-09-10T01:10:23.494+0000] {local_task_job_runner.py:234} INFO - Task exited with return code 0
[2026-09-10T01:10:23.505+0000] {taskinstance.py:3280} INFO - 1 downstream tasks scheduled from follow-on schedule check
