[2026-09-09T20:08:55.904+0000] {taskinstance.py:1956} INFO - Dependencies all met for dep_context=non-requeueable deps ti=<TaskInstance: weekly_grocery_pipeline.bronze_extract_tamimi manual__2026-09-09T20:08:55+00:00 [queued]>
[2026-09-09T20:08:55.909+0000] {taskinstance.py:1956} INFO - Dependencies all met for dep_context=requeueable deps ti=<TaskInstance: weekly_grocery_pipeline.bronze_extract_tamimi manual__2026-09-09T20:08:55+00:00 [queued]>
[2026-09-09T20:08:55.909+0000] {taskinstance.py:2170} INFO - Starting attempt 1 of 2
[2026-09-09T20:08:55.916+0000] {taskinstance.py:2191} INFO - Executing <Task(BashOperator): bronze_extract_tamimi> on 2026-09-09 20:08:55+00:00
[2026-09-09T20:08:55.919+0000] {standard_task_runner.py:60} INFO - Started process 322 to run task
[2026-09-09T20:08:55.920+0000] {standard_task_runner.py:87} INFO - Running: ['airflow', 'tasks', 'run', 'weekly_grocery_pipeline', 'bronze_extract_tamimi', 'manual__2026-09-09T20:08:55+00:00', '--job-id', '45', '--raw', '--subdir', 'DAGS_FOLDER/weekly_grocery_pipeline.py', '--cfg-path', '/tmp/tmpmjm09dy5']
[2026-09-09T20:08:55.922+0000] {standard_task_runner.py:88} INFO - Job 45: Subtask bronze_extract_tamimi
[2026-09-09T20:08:55.946+0000] {task_command.py:423} INFO - Running <TaskInstance: weekly_grocery_pipeline.bronze_extract_tamimi manual__2026-09-09T20:08:55+00:00 [running]> on host 185da616c941
[2026-09-09T20:08:55.991+0000] {taskinstance.py:2480} INFO - Exporting env vars: AIRFLOW_CTX_DAG_OWNER='shaleh' AIRFLOW_CTX_DAG_ID='weekly_grocery_pipeline' AIRFLOW_CTX_TASK_ID='bronze_extract_tamimi' AIRFLOW_CTX_EXECUTION_DATE='2026-09-09T20:08:55+00:00' AIRFLOW_CTX_TRY_NUMBER='1' AIRFLOW_CTX_DAG_RUN_ID='manual__2026-09-09T20:08:55+00:00'
[2026-09-09T20:08:55.992+0000] {subprocess.py:63} INFO - Tmp dir root location: /tmp
[2026-09-09T20:08:55.994+0000] {subprocess.py:75} INFO - Running command: ['/usr/bin/bash', '-c', 'python -m src.bronze.extract_tamimi']
[2026-09-09T20:08:55.999+0000] {subprocess.py:86} INFO - Output:
[2026-09-09T20:09:54.832+0000] {subprocess.py:93} INFO - =================================================================
[2026-09-09T20:09:54.834+0000] {subprocess.py:93} INFO - 🛒 EXTRACTING & NORMALIZING TAMIMI BRONZE DATA
[2026-09-09T20:09:54.834+0000] {subprocess.py:93} INFO - =================================================================
[2026-09-09T20:09:54.834+0000] {subprocess.py:93} INFO - 
[2026-09-09T20:09:54.835+0000] {subprocess.py:93} INFO - [*] Processing: Fresh Fruits & Veg
[2026-09-09T20:09:54.835+0000] {subprocess.py:93} INFO -     • Page 1  (offset 0   ): Total kept: 94
[2026-09-09T20:09:54.835+0000] {subprocess.py:93} INFO -     • Page 2  (offset 100 ): Total kept: 173
[2026-09-09T20:09:54.835+0000] {subprocess.py:93} INFO -     • Page 3  (offset 200 ): Total kept: 215
[2026-09-09T20:09:54.835+0000] {subprocess.py:93} INFO -     • Page 4  (offset 300 ): Total kept: 256
[2026-09-09T20:09:54.835+0000] {subprocess.py:93} INFO -     • Page 5  (offset 400 ): Total kept: 328
[2026-09-09T20:09:54.835+0000] {subprocess.py:93} INFO -     • Page 6  (offset 500 ): Total kept: 426
[2026-09-09T20:09:54.835+0000] {subprocess.py:93} INFO -     • Page 7  (offset 600 ): Total kept: 524
[2026-09-09T20:09:54.835+0000] {subprocess.py:93} INFO -     • Page 8  (offset 700 ): Total kept: 619
[2026-09-09T20:09:54.835+0000] {subprocess.py:93} INFO -     • Page 9  (offset 798 ): Total kept: 694
[2026-09-09T20:09:54.836+0000] {subprocess.py:93} INFO -   ✓ Saved 1606 normalized items to: fruits_and_vegetables_raw.json
[2026-09-09T20:09:54.836+0000] {subprocess.py:93} INFO - 
[2026-09-09T20:09:54.836+0000] {subprocess.py:93} INFO - [*] Processing: Dairy & Eggs
[2026-09-09T20:09:54.836+0000] {subprocess.py:93} INFO -     • Page 1  (offset 0   ): Total kept: 67
[2026-09-09T20:09:54.836+0000] {subprocess.py:93} INFO -     • Page 2  (offset 100 ): Total kept: 167
[2026-09-09T20:09:54.836+0000] {subprocess.py:93} INFO -     • Page 3  (offset 200 ): Total kept: 264
[2026-09-09T20:09:54.836+0000] {subprocess.py:93} INFO -     • Page 4  (offset 300 ): Total kept: 363
[2026-09-09T20:09:54.836+0000] {subprocess.py:93} INFO -     • Page 5  (offset 400 ): Total kept: 462
[2026-09-09T20:09:54.836+0000] {subprocess.py:93} INFO -     • Page 6  (offset 500 ): Total kept: 559
[2026-09-09T20:09:54.836+0000] {subprocess.py:93} INFO -     • Page 7  (offset 600 ): Total kept: 656
[2026-09-09T20:09:54.837+0000] {subprocess.py:93} INFO -     • Page 8  (offset 700 ): Total kept: 752
[2026-09-09T20:09:54.837+0000] {subprocess.py:93} INFO -     • Page 9  (offset 800 ): Total kept: 846
[2026-09-09T20:09:54.837+0000] {subprocess.py:93} INFO -     • Page 10 (offset 900 ): Total kept: 932
[2026-09-09T20:09:54.837+0000] {subprocess.py:93} INFO -     • Page 11 (offset 1000): Total kept: 1017
[2026-09-09T20:09:54.837+0000] {subprocess.py:93} INFO -     • Page 12 (offset 1100): Total kept: 1083
[2026-09-09T20:09:54.837+0000] {subprocess.py:93} INFO -     • Page 13 (offset 1200): Total kept: 1173
[2026-09-09T20:09:54.837+0000] {subprocess.py:93} INFO -     • Page 14 (offset 1300): Total kept: 1264
[2026-09-09T20:09:54.837+0000] {subprocess.py:93} INFO -     • Page 15 (offset 1400): Total kept: 1303
[2026-09-09T20:09:54.837+0000] {subprocess.py:93} INFO -   ✓ Saved 1616 normalized items to: dairy_and_eggs_raw.json
[2026-09-09T20:09:54.837+0000] {subprocess.py:93} INFO - 
[2026-09-09T20:09:54.837+0000] {subprocess.py:93} INFO - [*] Processing: Beverages & Water
[2026-09-09T20:09:54.837+0000] {subprocess.py:93} INFO -     • Page 1  (offset 0   ): Total kept: 100
[2026-09-09T20:09:54.837+0000] {subprocess.py:93} INFO -     • Page 2  (offset 100 ): Total kept: 200
[2026-09-09T20:09:54.837+0000] {subprocess.py:93} INFO -     • Page 3  (offset 200 ): Total kept: 300
[2026-09-09T20:09:54.838+0000] {subprocess.py:93} INFO -     • Page 4  (offset 300 ): Total kept: 400
[2026-09-09T20:09:54.838+0000] {subprocess.py:93} INFO -     • Page 5  (offset 400 ): Total kept: 497
[2026-09-09T20:09:54.838+0000] {subprocess.py:93} INFO -     • Page 6  (offset 500 ): Total kept: 594
[2026-09-09T20:09:54.838+0000] {subprocess.py:93} INFO -     • Page 7  (offset 600 ): Total kept: 690
[2026-09-09T20:09:54.838+0000] {subprocess.py:93} INFO -     • Page 8  (offset 700 ): Total kept: 767
[2026-09-09T20:09:54.838+0000] {subprocess.py:93} INFO -   ✓ Saved 1366 normalized items to: beverages_raw.json
[2026-09-09T20:09:54.838+0000] {subprocess.py:93} INFO - 
[2026-09-09T20:09:54.838+0000] {subprocess.py:93} INFO - =================================================================
[2026-09-09T20:09:54.838+0000] {subprocess.py:93} INFO - 🎉 TAMIMI FINISHED! Total Saved: 4,588 items
[2026-09-09T20:09:54.838+0000] {subprocess.py:93} INFO - =================================================================
[2026-09-09T20:09:54.841+0000] {subprocess.py:97} INFO - Command exited with return code 0
[2026-09-09T20:09:54.860+0000] {taskinstance.py:1138} INFO - Marking task as SUCCESS. dag_id=weekly_grocery_pipeline, task_id=bronze_extract_tamimi, execution_date=20260909T200855, start_date=20260909T200855, end_date=20260909T200954
[2026-09-09T20:09:54.896+0000] {local_task_job_runner.py:234} INFO - Task exited with return code 0
[2026-09-09T20:09:54.911+0000] {taskinstance.py:3280} INFO - 1 downstream tasks scheduled from follow-on schedule check
