[2026-09-09T20:07:44.795+0000] {taskinstance.py:1956} INFO - Dependencies all met for dep_context=non-requeueable deps ti=<TaskInstance: weekly_grocery_pipeline.gold_match_products manual__2026-09-09T20:04:17.818431+00:00 [queued]>
[2026-09-09T20:07:44.798+0000] {taskinstance.py:1956} INFO - Dependencies all met for dep_context=requeueable deps ti=<TaskInstance: weekly_grocery_pipeline.gold_match_products manual__2026-09-09T20:04:17.818431+00:00 [queued]>
[2026-09-09T20:07:44.798+0000] {taskinstance.py:2170} INFO - Starting attempt 2 of 2
[2026-09-09T20:07:44.802+0000] {taskinstance.py:2191} INFO - Executing <Task(BashOperator): gold_match_products> on 2026-09-09 20:04:17.818431+00:00
[2026-09-09T20:07:44.804+0000] {standard_task_runner.py:60} INFO - Started process 287 to run task
[2026-09-09T20:07:44.807+0000] {standard_task_runner.py:87} INFO - Running: ['airflow', 'tasks', 'run', 'weekly_grocery_pipeline', 'gold_match_products', 'manual__2026-09-09T20:04:17.818431+00:00', '--job-id', '44', '--raw', '--subdir', 'DAGS_FOLDER/weekly_grocery_pipeline.py', '--cfg-path', '/tmp/tmpzuk4pngd']
[2026-09-09T20:07:44.810+0000] {standard_task_runner.py:88} INFO - Job 44: Subtask gold_match_products
[2026-09-09T20:07:44.843+0000] {task_command.py:423} INFO - Running <TaskInstance: weekly_grocery_pipeline.gold_match_products manual__2026-09-09T20:04:17.818431+00:00 [running]> on host 185da616c941
[2026-09-09T20:07:44.876+0000] {taskinstance.py:2480} INFO - Exporting env vars: AIRFLOW_CTX_DAG_OWNER='shaleh' AIRFLOW_CTX_DAG_ID='weekly_grocery_pipeline' AIRFLOW_CTX_TASK_ID='gold_match_products' AIRFLOW_CTX_EXECUTION_DATE='2026-09-09T20:04:17.818431+00:00' AIRFLOW_CTX_TRY_NUMBER='2' AIRFLOW_CTX_DAG_RUN_ID='manual__2026-09-09T20:04:17.818431+00:00'
[2026-09-09T20:07:44.876+0000] {subprocess.py:63} INFO - Tmp dir root location: /tmp
[2026-09-09T20:07:44.877+0000] {subprocess.py:75} INFO - Running command: ['/usr/bin/bash', '-c', 'python -m src.gold.match_products']
[2026-09-09T20:07:44.880+0000] {subprocess.py:86} INFO - Output:
[2026-09-09T20:07:44.896+0000] {subprocess.py:93} INFO - /usr/local/bin/python: No module named src.gold.match_products
[2026-09-09T20:07:44.897+0000] {subprocess.py:97} INFO - Command exited with return code 1
[2026-09-09T20:07:44.903+0000] {taskinstance.py:2698} ERROR - Task failed with exception
Traceback (most recent call last):
  File "/home/airflow/.local/lib/python3.10/site-packages/airflow/models/taskinstance.py", line 433, in _execute_task
    result = execute_callable(context=context, **execute_callable_kwargs)
  File "/home/airflow/.local/lib/python3.10/site-packages/airflow/operators/bash.py", line 212, in execute
    raise AirflowException(
airflow.exceptions.AirflowException: Bash command failed. The command returned a non-zero exit code 1.
[2026-09-09T20:07:44.904+0000] {taskinstance.py:1138} INFO - Marking task as FAILED. dag_id=weekly_grocery_pipeline, task_id=gold_match_products, execution_date=20260909T200417, start_date=20260909T200744, end_date=20260909T200744
[2026-09-09T20:07:44.912+0000] {standard_task_runner.py:107} ERROR - Failed to execute job 44 for task gold_match_products (Bash command failed. The command returned a non-zero exit code 1.; 287)
[2026-09-09T20:07:44.941+0000] {local_task_job_runner.py:234} INFO - Task exited with return code 1
[2026-09-09T20:07:44.951+0000] {taskinstance.py:3280} INFO - 0 downstream tasks scheduled from follow-on schedule check
