[2026-09-10T01:03:07.491+0000] {taskinstance.py:1956} INFO - Dependencies all met for dep_context=non-requeueable deps ti=<TaskInstance: weekly_grocery_pipeline.bronze_extract_lulu manual__2026-09-10T01:03:06.809470+00:00 [queued]>
[2026-09-10T01:03:07.498+0000] {taskinstance.py:1956} INFO - Dependencies all met for dep_context=requeueable deps ti=<TaskInstance: weekly_grocery_pipeline.bronze_extract_lulu manual__2026-09-10T01:03:06.809470+00:00 [queued]>
[2026-09-10T01:03:07.498+0000] {taskinstance.py:2170} INFO - Starting attempt 1 of 2
[2026-09-10T01:03:07.504+0000] {taskinstance.py:2191} INFO - Executing <Task(BashOperator): bronze_extract_lulu> on 2026-09-10 01:03:06.809470+00:00
[2026-09-10T01:03:07.507+0000] {standard_task_runner.py:60} INFO - Started process 208 to run task
[2026-09-10T01:03:07.509+0000] {standard_task_runner.py:87} INFO - Running: ['airflow', 'tasks', 'run', 'weekly_grocery_pipeline', 'bronze_extract_lulu', 'manual__2026-09-10T01:03:06.809470+00:00', '--job-id', '58', '--raw', '--subdir', 'DAGS_FOLDER/weekly_grocery_pipeline.py', '--cfg-path', '/tmp/tmpr0h2umrp']
[2026-09-10T01:03:07.511+0000] {standard_task_runner.py:88} INFO - Job 58: Subtask bronze_extract_lulu
[2026-09-10T01:03:07.540+0000] {task_command.py:423} INFO - Running <TaskInstance: weekly_grocery_pipeline.bronze_extract_lulu manual__2026-09-10T01:03:06.809470+00:00 [running]> on host d6853e0c6c65
[2026-09-10T01:03:07.585+0000] {taskinstance.py:2480} INFO - Exporting env vars: AIRFLOW_CTX_DAG_OWNER='shaleh' AIRFLOW_CTX_DAG_ID='weekly_grocery_pipeline' AIRFLOW_CTX_TASK_ID='bronze_extract_lulu' AIRFLOW_CTX_EXECUTION_DATE='2026-09-10T01:03:06.809470+00:00' AIRFLOW_CTX_TRY_NUMBER='1' AIRFLOW_CTX_DAG_RUN_ID='manual__2026-09-10T01:03:06.809470+00:00'
[2026-09-10T01:03:07.586+0000] {subprocess.py:63} INFO - Tmp dir root location: /tmp
[2026-09-10T01:03:07.588+0000] {subprocess.py:75} INFO - Running command: ['/usr/bin/bash', '-c', 'python -m src.bronze.lulu_extractor']
[2026-09-10T01:03:07.592+0000] {subprocess.py:86} INFO - Output:
[2026-09-10T01:04:26.952+0000] {subprocess.py:93} INFO - === Starting Lulu GCC Bronze Extraction ===
[2026-09-10T01:04:26.955+0000] {subprocess.py:93} INFO - 
[2026-09-10T01:04:26.955+0000] {subprocess.py:93} INFO - [beverages] Extracting from Lulu GCC API (Category ID: 5024)...
[2026-09-10T01:04:26.955+0000] {subprocess.py:93} INFO -   page 1 | fetched 50 | unrolled & kept 71 | total 71
[2026-09-10T01:04:26.955+0000] {subprocess.py:93} INFO -   page 2 | fetched 50 | unrolled & kept 68 | total 139
[2026-09-10T01:04:26.955+0000] {subprocess.py:93} INFO -   page 3 | fetched 50 | unrolled & kept 67 | total 206
[2026-09-10T01:04:26.956+0000] {subprocess.py:93} INFO -   page 4 | fetched 50 | unrolled & kept 65 | total 271
[2026-09-10T01:04:26.956+0000] {subprocess.py:93} INFO -   page 5 | fetched 50 | unrolled & kept 66 | total 337
[2026-09-10T01:04:26.956+0000] {subprocess.py:93} INFO -   page 6 | fetched 50 | unrolled & kept 59 | total 396
[2026-09-10T01:04:26.956+0000] {subprocess.py:93} INFO -   page 7 | fetched 50 | unrolled & kept 76 | total 472
[2026-09-10T01:04:26.956+0000] {subprocess.py:93} INFO -   page 8 | fetched 50 | unrolled & kept 71 | total 543
[2026-09-10T01:04:26.956+0000] {subprocess.py:93} INFO -   page 9 | fetched 50 | unrolled & kept 71 | total 614
[2026-09-10T01:04:26.956+0000] {subprocess.py:93} INFO -   page 10 | fetched 50 | unrolled & kept 67 | total 681
[2026-09-10T01:04:26.956+0000] {subprocess.py:93} INFO -   page 11 | fetched 50 | unrolled & kept 66 | total 747
[2026-09-10T01:04:26.956+0000] {subprocess.py:93} INFO -   page 12 | fetched 50 | unrolled & kept 74 | total 821
[2026-09-10T01:04:26.956+0000] {subprocess.py:93} INFO -   page 13 | fetched 50 | unrolled & kept 59 | total 880
[2026-09-10T01:04:26.956+0000] {subprocess.py:93} INFO -   page 14 | fetched 50 | unrolled & kept 57 | total 937
[2026-09-10T01:04:26.956+0000] {subprocess.py:93} INFO -   page 15 | fetched 50 | unrolled & kept 65 | total 1002
[2026-09-10T01:04:26.956+0000] {subprocess.py:93} INFO -   page 16 | fetched 50 | unrolled & kept 69 | total 1071
[2026-09-10T01:04:26.957+0000] {subprocess.py:93} INFO -   page 17 | fetched 50 | unrolled & kept 67 | total 1138
[2026-09-10T01:04:26.957+0000] {subprocess.py:93} INFO -   page 18 | fetched 50 | unrolled & kept 61 | total 1199
[2026-09-10T01:04:26.957+0000] {subprocess.py:93} INFO -   page 19 | fetched 50 | unrolled & kept 62 | total 1261
[2026-09-10T01:04:26.957+0000] {subprocess.py:93} INFO -   page 20 | fetched 50 | unrolled & kept 57 | total 1318
[2026-09-10T01:04:26.957+0000] {subprocess.py:93} INFO -   page 21 | fetched 50 | unrolled & kept 64 | total 1382
[2026-09-10T01:04:26.957+0000] {subprocess.py:93} INFO -   page 22 | fetched 50 | unrolled & kept 51 | total 1433
[2026-09-10T01:04:26.957+0000] {subprocess.py:93} INFO -   page 23 | fetched 21 | unrolled & kept 22 | total 1455
[2026-09-10T01:04:26.957+0000] {subprocess.py:93} INFO -   ✓ Saved 1455 items to: beverages_raw.json
[2026-09-10T01:04:26.957+0000] {subprocess.py:93} INFO - 
[2026-09-10T01:04:26.957+0000] {subprocess.py:93} INFO - [dairy_and_eggs] Extracting from Lulu GCC API (Category ID: 5208)...
[2026-09-10T01:04:26.957+0000] {subprocess.py:93} INFO -   page 1 | fetched 50 | unrolled & kept 51 | total 51
[2026-09-10T01:04:26.957+0000] {subprocess.py:93} INFO -   page 2 | fetched 50 | unrolled & kept 50 | total 101
[2026-09-10T01:04:26.957+0000] {subprocess.py:93} INFO -   page 3 | fetched 50 | unrolled & kept 51 | total 152
[2026-09-10T01:04:26.957+0000] {subprocess.py:93} INFO -   page 4 | fetched 50 | unrolled & kept 51 | total 203
[2026-09-10T01:04:26.957+0000] {subprocess.py:93} INFO -   page 5 | fetched 50 | unrolled & kept 52 | total 255
[2026-09-10T01:04:26.957+0000] {subprocess.py:93} INFO -   page 6 | fetched 50 | unrolled & kept 50 | total 305
[2026-09-10T01:04:26.957+0000] {subprocess.py:93} INFO -   page 7 | fetched 50 | unrolled & kept 50 | total 355
[2026-09-10T01:04:26.961+0000] {subprocess.py:93} INFO -   page 8 | fetched 50 | unrolled & kept 50 | total 405
[2026-09-10T01:04:26.961+0000] {subprocess.py:93} INFO -   page 9 | fetched 50 | unrolled & kept 50 | total 455
[2026-09-10T01:04:26.961+0000] {subprocess.py:93} INFO -   page 10 | fetched 50 | unrolled & kept 51 | total 506
[2026-09-10T01:04:26.961+0000] {subprocess.py:93} INFO -   page 11 | fetched 50 | unrolled & kept 50 | total 556
[2026-09-10T01:04:26.961+0000] {subprocess.py:93} INFO -   page 12 | fetched 50 | unrolled & kept 50 | total 606
[2026-09-10T01:04:26.961+0000] {subprocess.py:93} INFO -   page 13 | fetched 50 | unrolled & kept 50 | total 656
[2026-09-10T01:04:26.961+0000] {subprocess.py:93} INFO -   page 14 | fetched 4 | unrolled & kept 4 | total 660
[2026-09-10T01:04:26.961+0000] {subprocess.py:93} INFO -   ✓ Saved 660 items to: dairy_and_eggs_raw.json
[2026-09-10T01:04:26.961+0000] {subprocess.py:93} INFO - 
[2026-09-10T01:04:26.961+0000] {subprocess.py:93} INFO - [fruits_and_vegetables] Extracting from Lulu GCC API (Category ID: 5231)...
[2026-09-10T01:04:26.961+0000] {subprocess.py:93} INFO -   page 1 | fetched 50 | unrolled & kept 50 | total 50
[2026-09-10T01:04:26.961+0000] {subprocess.py:93} INFO -   page 2 | fetched 50 | unrolled & kept 50 | total 100
[2026-09-10T01:04:26.961+0000] {subprocess.py:93} INFO -   page 3 | fetched 50 | unrolled & kept 50 | total 150
[2026-09-10T01:04:26.961+0000] {subprocess.py:93} INFO -   page 4 | fetched 50 | unrolled & kept 50 | total 200
[2026-09-10T01:04:26.961+0000] {subprocess.py:93} INFO -   page 5 | fetched 50 | unrolled & kept 50 | total 250
[2026-09-10T01:04:26.961+0000] {subprocess.py:93} INFO -   page 6 | fetched 17 | unrolled & kept 17 | total 267
[2026-09-10T01:04:26.962+0000] {subprocess.py:93} INFO -   ✓ Saved 267 items to: fruits_and_vegetables_raw.json
[2026-09-10T01:04:26.962+0000] {subprocess.py:93} INFO - 
[2026-09-10T01:04:26.962+0000] {subprocess.py:93} INFO - === Lulu Extraction Completed Successfully ===
[2026-09-10T01:04:26.966+0000] {subprocess.py:97} INFO - Command exited with return code 0
[2026-09-10T01:04:26.979+0000] {taskinstance.py:1138} INFO - Marking task as SUCCESS. dag_id=weekly_grocery_pipeline, task_id=bronze_extract_lulu, execution_date=20260910T010306, start_date=20260910T010307, end_date=20260910T010426
[2026-09-10T01:04:26.993+0000] {local_task_job_runner.py:234} INFO - Task exited with return code 0
[2026-09-10T01:04:27.004+0000] {taskinstance.py:3280} INFO - 1 downstream tasks scheduled from follow-on schedule check
