[2026-09-10T01:04:39.235+0000] {taskinstance.py:1956} INFO - Dependencies all met for dep_context=non-requeueable deps ti=<TaskInstance: weekly_grocery_pipeline.load_to_postgres_db manual__2026-09-10T01:03:06.809470+00:00 [queued]>
[2026-09-10T01:04:39.238+0000] {taskinstance.py:1956} INFO - Dependencies all met for dep_context=requeueable deps ti=<TaskInstance: weekly_grocery_pipeline.load_to_postgres_db manual__2026-09-10T01:03:06.809470+00:00 [queued]>
[2026-09-10T01:04:39.238+0000] {taskinstance.py:2170} INFO - Starting attempt 1 of 2
[2026-09-10T01:04:39.242+0000] {taskinstance.py:2191} INFO - Executing <Task(BashOperator): load_to_postgres_db> on 2026-09-10 01:03:06.809470+00:00
[2026-09-10T01:04:39.243+0000] {standard_task_runner.py:60} INFO - Started process 255 to run task
[2026-09-10T01:04:39.245+0000] {standard_task_runner.py:87} INFO - Running: ['airflow', 'tasks', 'run', 'weekly_grocery_pipeline', 'load_to_postgres_db', 'manual__2026-09-10T01:03:06.809470+00:00', '--job-id', '67', '--raw', '--subdir', 'DAGS_FOLDER/weekly_grocery_pipeline.py', '--cfg-path', '/tmp/tmppzbzwljy']
[2026-09-10T01:04:39.246+0000] {standard_task_runner.py:88} INFO - Job 67: Subtask load_to_postgres_db
[2026-09-10T01:04:39.265+0000] {task_command.py:423} INFO - Running <TaskInstance: weekly_grocery_pipeline.load_to_postgres_db manual__2026-09-10T01:03:06.809470+00:00 [running]> on host d6853e0c6c65
[2026-09-10T01:04:39.297+0000] {taskinstance.py:2480} INFO - Exporting env vars: AIRFLOW_CTX_DAG_OWNER='shaleh' AIRFLOW_CTX_DAG_ID='weekly_grocery_pipeline' AIRFLOW_CTX_TASK_ID='load_to_postgres_db' AIRFLOW_CTX_EXECUTION_DATE='2026-09-10T01:03:06.809470+00:00' AIRFLOW_CTX_TRY_NUMBER='1' AIRFLOW_CTX_DAG_RUN_ID='manual__2026-09-10T01:03:06.809470+00:00'
[2026-09-10T01:04:39.297+0000] {subprocess.py:63} INFO - Tmp dir root location: /tmp
[2026-09-10T01:04:39.298+0000] {subprocess.py:75} INFO - Running command: ['/usr/bin/bash', '-c', 'python -m src.database.db_loader']
[2026-09-10T01:04:39.301+0000] {subprocess.py:86} INFO - Output:
[2026-09-10T01:04:40.028+0000] {subprocess.py:93} INFO - =================================================================
[2026-09-10T01:04:40.029+0000] {subprocess.py:93} INFO - 🐘 RUNNING COMPLETE POSTGRESQL INGESTION
[2026-09-10T01:04:40.029+0000] {subprocess.py:93} INFO - =================================================================
[2026-09-10T01:04:40.029+0000] {subprocess.py:93} INFO - ✓ Applied schema.sql successfully.
[2026-09-10T01:04:40.029+0000] {subprocess.py:93} INFO - 
[2026-09-10T01:04:40.029+0000] {subprocess.py:93} INFO - [*] 1. Ingesting Store Branches...
[2026-09-10T01:04:40.029+0000] {subprocess.py:93} INFO -   ✓ Ingested 107 store branches.
[2026-09-10T01:04:40.029+0000] {subprocess.py:93} INFO - 
[2026-09-10T01:04:40.029+0000] {subprocess.py:93} INFO - [*] 2. Ingesting GASTAT Benchmarks...
[2026-09-10T01:04:40.029+0000] {subprocess.py:93} INFO -   ✓ Ingested 41 GASTAT commodities (8205 price history records).
[2026-09-10T01:04:40.029+0000] {subprocess.py:93} INFO - 
[2026-09-10T01:04:40.029+0000] {subprocess.py:93} INFO - [*] 3. Ingesting Gold Matched Categories...
[2026-09-10T01:04:40.029+0000] {subprocess.py:93} INFO -   ✓ Ingested 108 items from matched_beverages.json
[2026-09-10T01:04:40.029+0000] {subprocess.py:93} INFO -   ✓ Ingested 253 items from matched_dairy_and_eggs.json
[2026-09-10T01:04:40.030+0000] {subprocess.py:93} INFO -   ✓ Ingested 31 items from matched_fruits_and_vegetables.json
[2026-09-10T01:04:40.030+0000] {subprocess.py:93} INFO - 
[2026-09-10T01:04:40.030+0000] {subprocess.py:93} INFO - =================================================================
[2026-09-10T01:04:40.030+0000] {subprocess.py:93} INFO - ✅ DATABASE INGESTION COMPLETED SUCCESSFULLY!
[2026-09-10T01:04:40.030+0000] {subprocess.py:93} INFO - =================================================================
[2026-09-10T01:04:40.032+0000] {subprocess.py:97} INFO - Command exited with return code 0
[2026-09-10T01:04:40.043+0000] {taskinstance.py:1138} INFO - Marking task as SUCCESS. dag_id=weekly_grocery_pipeline, task_id=load_to_postgres_db, execution_date=20260910T010306, start_date=20260910T010439, end_date=20260910T010440
[2026-09-10T01:04:40.061+0000] {local_task_job_runner.py:234} INFO - Task exited with return code 0
[2026-09-10T01:04:40.069+0000] {taskinstance.py:3280} INFO - 0 downstream tasks scheduled from follow-on schedule check
