[2026-09-10T01:07:59.954+0000] {taskinstance.py:1956} INFO - Dependencies all met for dep_context=non-requeueable deps ti=<TaskInstance: weekly_grocery_pipeline.silver_clean_bindawood manual__2026-09-10T01:07:36.912977+00:00 [queued]>
[2026-09-10T01:07:59.957+0000] {taskinstance.py:1956} INFO - Dependencies all met for dep_context=requeueable deps ti=<TaskInstance: weekly_grocery_pipeline.silver_clean_bindawood manual__2026-09-10T01:07:36.912977+00:00 [queued]>
[2026-09-10T01:07:59.957+0000] {taskinstance.py:2170} INFO - Starting attempt 1 of 2
[2026-09-10T01:07:59.961+0000] {taskinstance.py:2191} INFO - Executing <Task(BashOperator): silver_clean_bindawood> on 2026-09-10 01:07:36.912977+00:00
[2026-09-10T01:07:59.964+0000] {standard_task_runner.py:60} INFO - Started process 323 to run task
[2026-09-10T01:07:59.966+0000] {standard_task_runner.py:87} INFO - Running: ['airflow', 'tasks', 'run', 'weekly_grocery_pipeline', 'silver_clean_bindawood', 'manual__2026-09-10T01:07:36.912977+00:00', '--job-id', '74', '--raw', '--subdir', 'DAGS_FOLDER/weekly_grocery_pipeline.py', '--cfg-path', '/tmp/tmp94tjzj0d']
[2026-09-10T01:07:59.968+0000] {standard_task_runner.py:88} INFO - Job 74: Subtask silver_clean_bindawood
[2026-09-10T01:08:00.005+0000] {task_command.py:423} INFO - Running <TaskInstance: weekly_grocery_pipeline.silver_clean_bindawood manual__2026-09-10T01:07:36.912977+00:00 [running]> on host d6853e0c6c65
[2026-09-10T01:08:00.052+0000] {taskinstance.py:2480} INFO - Exporting env vars: AIRFLOW_CTX_DAG_OWNER='shaleh' AIRFLOW_CTX_DAG_ID='weekly_grocery_pipeline' AIRFLOW_CTX_TASK_ID='silver_clean_bindawood' AIRFLOW_CTX_EXECUTION_DATE='2026-09-10T01:07:36.912977+00:00' AIRFLOW_CTX_TRY_NUMBER='1' AIRFLOW_CTX_DAG_RUN_ID='manual__2026-09-10T01:07:36.912977+00:00'
[2026-09-10T01:08:00.052+0000] {subprocess.py:63} INFO - Tmp dir root location: /tmp
[2026-09-10T01:08:00.053+0000] {subprocess.py:75} INFO - Running command: ['/usr/bin/bash', '-c', 'python -m src.silver.clean_bindawood']
[2026-09-10T01:08:00.057+0000] {subprocess.py:86} INFO - Output:
[2026-09-10T01:08:00.381+0000] {subprocess.py:93} INFO - === [BinDawood] Starting Silver Clean Pipeline (Dairy-Enhanced) ===
[2026-09-10T01:08:00.381+0000] {subprocess.py:93} INFO -   ✓ Cleaned 1000 products (Sizes: 983 | Barcodes: 794 | Deals: 128) -> beverages_clean.json
[2026-09-10T01:08:00.381+0000] {subprocess.py:93} INFO -   ✓ Cleaned 1000 products (Sizes: 998 | Barcodes: 912 | Deals: 197) -> dairy_and_eggs_clean.json
[2026-09-10T01:08:00.381+0000] {subprocess.py:93} INFO -   ✓ Cleaned 376 products (Sizes: 278 | Barcodes: 222 | Deals: 0) -> fruits_and_vegetables_clean.json
[2026-09-10T01:08:00.384+0000] {subprocess.py:97} INFO - Command exited with return code 0
[2026-09-10T01:08:00.398+0000] {taskinstance.py:1138} INFO - Marking task as SUCCESS. dag_id=weekly_grocery_pipeline, task_id=silver_clean_bindawood, execution_date=20260910T010736, start_date=20260910T010759, end_date=20260910T010800
[2026-09-10T01:08:00.433+0000] {local_task_job_runner.py:234} INFO - Task exited with return code 0
[2026-09-10T01:08:00.446+0000] {taskinstance.py:3280} INFO - 0 downstream tasks scheduled from follow-on schedule check
