[2026-09-10T01:04:35.540+0000] {taskinstance.py:1956} INFO - Dependencies all met for dep_context=non-requeueable deps ti=<TaskInstance: weekly_grocery_pipeline.gold_match_dairy_and_eggs manual__2026-09-10T01:03:06.809470+00:00 [queued]>
[2026-09-10T01:04:35.545+0000] {taskinstance.py:1956} INFO - Dependencies all met for dep_context=requeueable deps ti=<TaskInstance: weekly_grocery_pipeline.gold_match_dairy_and_eggs manual__2026-09-10T01:03:06.809470+00:00 [queued]>
[2026-09-10T01:04:35.546+0000] {taskinstance.py:2170} INFO - Starting attempt 1 of 2
[2026-09-10T01:04:35.554+0000] {taskinstance.py:2191} INFO - Executing <Task(BashOperator): gold_match_dairy_and_eggs> on 2026-09-10 01:03:06.809470+00:00
[2026-09-10T01:04:35.558+0000] {standard_task_runner.py:60} INFO - Started process 247 to run task
[2026-09-10T01:04:35.560+0000] {standard_task_runner.py:87} INFO - Running: ['airflow', 'tasks', 'run', 'weekly_grocery_pipeline', 'gold_match_dairy_and_eggs', 'manual__2026-09-10T01:03:06.809470+00:00', '--job-id', '64', '--raw', '--subdir', 'DAGS_FOLDER/weekly_grocery_pipeline.py', '--cfg-path', '/tmp/tmp25g1yo7w']
[2026-09-10T01:04:35.561+0000] {standard_task_runner.py:88} INFO - Job 64: Subtask gold_match_dairy_and_eggs
[2026-09-10T01:04:35.604+0000] {task_command.py:423} INFO - Running <TaskInstance: weekly_grocery_pipeline.gold_match_dairy_and_eggs manual__2026-09-10T01:03:06.809470+00:00 [running]> on host d6853e0c6c65
[2026-09-10T01:04:35.640+0000] {taskinstance.py:2480} INFO - Exporting env vars: AIRFLOW_CTX_DAG_OWNER='shaleh' AIRFLOW_CTX_DAG_ID='weekly_grocery_pipeline' AIRFLOW_CTX_TASK_ID='gold_match_dairy_and_eggs' AIRFLOW_CTX_EXECUTION_DATE='2026-09-10T01:03:06.809470+00:00' AIRFLOW_CTX_TRY_NUMBER='1' AIRFLOW_CTX_DAG_RUN_ID='manual__2026-09-10T01:03:06.809470+00:00'
[2026-09-10T01:04:35.642+0000] {subprocess.py:63} INFO - Tmp dir root location: /tmp
[2026-09-10T01:04:35.643+0000] {subprocess.py:75} INFO - Running command: ['/usr/bin/bash', '-c', 'python -m src.gold.match_dairy_and_eggs']
[2026-09-10T01:04:35.647+0000] {subprocess.py:86} INFO - Output:
[2026-09-10T01:04:35.757+0000] {subprocess.py:93} INFO - === جاري مطابقة الألبان والبيض (3-STORES ONLY + قواعد الأمان الصارمة) ===
[2026-09-10T01:04:35.757+0000] {subprocess.py:93} INFO - 
[2026-09-10T01:04:35.757+0000] {subprocess.py:93} INFO - ============================================================
[2026-09-10T01:04:35.757+0000] {subprocess.py:93} INFO - 📊 DAIRY & EGGS REPORT (EXCLUSIVE 3-STORE ONLY):
[2026-09-10T01:04:35.757+0000] {subprocess.py:93} INFO -    • Total Products In Silver : 2974
[2026-09-10T01:04:35.757+0000] {subprocess.py:93} INFO -    • 3-Store Matches (Clusters): 253 clusters
[2026-09-10T01:04:35.757+0000] {subprocess.py:93} INFO -    • Matched Products Count   : 759
[2026-09-10T01:04:35.758+0000] {subprocess.py:93} INFO -    • Pure 3-Store Coverage    : 25.52%
[2026-09-10T01:04:35.758+0000] {subprocess.py:93} INFO -    • Active File Saved        : matched_dairy_and_eggs.json
[2026-09-10T01:04:35.758+0000] {subprocess.py:93} INFO - ============================================================
[2026-09-10T01:04:35.759+0000] {subprocess.py:97} INFO - Command exited with return code 0
[2026-09-10T01:04:35.772+0000] {taskinstance.py:1138} INFO - Marking task as SUCCESS. dag_id=weekly_grocery_pipeline, task_id=gold_match_dairy_and_eggs, execution_date=20260910T010306, start_date=20260910T010435, end_date=20260910T010435
[2026-09-10T01:04:35.814+0000] {local_task_job_runner.py:234} INFO - Task exited with return code 0
[2026-09-10T01:04:35.825+0000] {taskinstance.py:3280} INFO - 0 downstream tasks scheduled from follow-on schedule check
