[2026-09-10T01:07:37.272+0000] {taskinstance.py:1956} INFO - Dependencies all met for dep_context=non-requeueable deps ti=<TaskInstance: weekly_grocery_pipeline.bronze_extract_tamimi manual__2026-09-10T01:07:36.912977+00:00 [queued]>
[2026-09-10T01:07:37.277+0000] {taskinstance.py:1956} INFO - Dependencies all met for dep_context=requeueable deps ti=<TaskInstance: weekly_grocery_pipeline.bronze_extract_tamimi manual__2026-09-10T01:07:36.912977+00:00 [queued]>
[2026-09-10T01:07:37.278+0000] {taskinstance.py:2170} INFO - Starting attempt 1 of 2
[2026-09-10T01:07:37.284+0000] {taskinstance.py:2191} INFO - Executing <Task(BashOperator): bronze_extract_tamimi> on 2026-09-10 01:07:36.912977+00:00
[2026-09-10T01:07:37.286+0000] {standard_task_runner.py:60} INFO - Started process 310 to run task
[2026-09-10T01:07:37.288+0000] {standard_task_runner.py:87} INFO - Running: ['airflow', 'tasks', 'run', 'weekly_grocery_pipeline', 'bronze_extract_tamimi', 'manual__2026-09-10T01:07:36.912977+00:00', '--job-id', '72', '--raw', '--subdir', 'DAGS_FOLDER/weekly_grocery_pipeline.py', '--cfg-path', '/tmp/tmpmyuh0_yz']
[2026-09-10T01:07:37.290+0000] {standard_task_runner.py:88} INFO - Job 72: Subtask bronze_extract_tamimi
[2026-09-10T01:07:37.317+0000] {task_command.py:423} INFO - Running <TaskInstance: weekly_grocery_pipeline.bronze_extract_tamimi manual__2026-09-10T01:07:36.912977+00:00 [running]> on host d6853e0c6c65
[2026-09-10T01:07:37.360+0000] {taskinstance.py:2480} INFO - Exporting env vars: AIRFLOW_CTX_DAG_OWNER='shaleh' AIRFLOW_CTX_DAG_ID='weekly_grocery_pipeline' AIRFLOW_CTX_TASK_ID='bronze_extract_tamimi' AIRFLOW_CTX_EXECUTION_DATE='2026-09-10T01:07:36.912977+00:00' AIRFLOW_CTX_TRY_NUMBER='1' AIRFLOW_CTX_DAG_RUN_ID='manual__2026-09-10T01:07:36.912977+00:00'
[2026-09-10T01:07:37.361+0000] {subprocess.py:63} INFO - Tmp dir root location: /tmp
[2026-09-10T01:07:37.362+0000] {subprocess.py:75} INFO - Running command: ['/usr/bin/bash', '-c', 'python -m src.bronze.extract_tamimi']
[2026-09-10T01:07:37.366+0000] {subprocess.py:86} INFO - Output:
[2026-09-10T01:10:18.995+0000] {subprocess.py:93} INFO - =================================================================
[2026-09-10T01:10:18.998+0000] {subprocess.py:93} INFO - 🛒 EXTRACTING & NORMALIZING TAMIMI BRONZE DATA
[2026-09-10T01:10:19.000+0000] {subprocess.py:93} INFO - =================================================================
[2026-09-10T01:10:19.000+0000] {subprocess.py:93} INFO - 
[2026-09-10T01:10:19.000+0000] {subprocess.py:93} INFO - [*] Processing: Fresh Fruits & Veg
[2026-09-10T01:10:19.000+0000] {subprocess.py:93} INFO -     • Page 1  (offset 0   ): Total kept: 94
[2026-09-10T01:10:19.000+0000] {subprocess.py:93} INFO -     • Page 2  (offset 100 ): Total kept: 171
[2026-09-10T01:10:19.000+0000] {subprocess.py:93} INFO -     • Page 3  (offset 200 ): Total kept: 211
[2026-09-10T01:10:19.000+0000] {subprocess.py:93} INFO -     • Page 4  (offset 298 ): Total kept: 260
[2026-09-10T01:10:19.000+0000] {subprocess.py:93} INFO -     • Page 5  (offset 397 ): Total kept: 302
[2026-09-10T01:10:19.000+0000] {subprocess.py:93} INFO -     • Page 6  (offset 452 ): Total kept: 307
[2026-09-10T01:10:19.000+0000] {subprocess.py:93} INFO -     • Page 7  (offset 471 ): Total kept: 308
[2026-09-10T01:10:19.000+0000] {subprocess.py:93} INFO -     • Page 8  (offset 484 ): Total kept: 308
[2026-09-10T01:10:19.000+0000] {subprocess.py:93} INFO -     • Page 9  (offset 496 ): Total kept: 308
[2026-09-10T01:10:19.000+0000] {subprocess.py:93} INFO -     • Page 10 (offset 504 ): Total kept: 308
[2026-09-10T01:10:19.000+0000] {subprocess.py:93} INFO -     • Page 11 (offset 509 ): Total kept: 308
[2026-09-10T01:10:19.000+0000] {subprocess.py:93} INFO -     • Page 12 (offset 514 ): Total kept: 308
[2026-09-10T01:10:19.001+0000] {subprocess.py:93} INFO -     • Page 13 (offset 518 ): Total kept: 308
[2026-09-10T01:10:19.001+0000] {subprocess.py:93} INFO -     • Page 14 (offset 522 ): Total kept: 308
[2026-09-10T01:10:19.001+0000] {subprocess.py:93} INFO -     • Page 15 (offset 525 ): Total kept: 308
[2026-09-10T01:10:19.001+0000] {subprocess.py:93} INFO -     • Page 16 (offset 527 ): Total kept: 308
[2026-09-10T01:10:19.001+0000] {subprocess.py:93} INFO -     • Page 17 (offset 529 ): Total kept: 308
[2026-09-10T01:10:19.001+0000] {subprocess.py:93} INFO -     • Page 18 (offset 531 ): Total kept: 308
[2026-09-10T01:10:19.001+0000] {subprocess.py:93} INFO -     • Page 19 (offset 533 ): Total kept: 308
[2026-09-10T01:10:19.001+0000] {subprocess.py:93} INFO -     • Page 20 (offset 535 ): Total kept: 308
[2026-09-10T01:10:19.001+0000] {subprocess.py:93} INFO -     • Page 21 (offset 537 ): Total kept: 308
[2026-09-10T01:10:19.001+0000] {subprocess.py:93} INFO -     • Page 22 (offset 539 ): Total kept: 308
[2026-09-10T01:10:19.001+0000] {subprocess.py:93} INFO -     • Page 23 (offset 541 ): Total kept: 308
[2026-09-10T01:10:19.001+0000] {subprocess.py:93} INFO -     • Page 24 (offset 543 ): Total kept: 308
[2026-09-10T01:10:19.001+0000] {subprocess.py:93} INFO -     • Page 25 (offset 545 ): Total kept: 308
[2026-09-10T01:10:19.001+0000] {subprocess.py:93} INFO -     • Page 26 (offset 547 ): Total kept: 308
[2026-09-10T01:10:19.001+0000] {subprocess.py:93} INFO -     • Page 27 (offset 549 ): Total kept: 308
[2026-09-10T01:10:19.001+0000] {subprocess.py:93} INFO -     • Page 28 (offset 551 ): Total kept: 308
[2026-09-10T01:10:19.001+0000] {subprocess.py:93} INFO -     • Page 29 (offset 553 ): Total kept: 308
[2026-09-10T01:10:19.001+0000] {subprocess.py:93} INFO -     • Page 30 (offset 555 ): Total kept: 308
[2026-09-10T01:10:19.002+0000] {subprocess.py:93} INFO -     • Page 31 (offset 557 ): Total kept: 308
[2026-09-10T01:10:19.002+0000] {subprocess.py:93} INFO -     • Page 32 (offset 559 ): Total kept: 308
[2026-09-10T01:10:19.002+0000] {subprocess.py:93} INFO -     • Page 33 (offset 561 ): Total kept: 308
[2026-09-10T01:10:19.002+0000] {subprocess.py:93} INFO -     • Page 34 (offset 562 ): Total kept: 308
[2026-09-10T01:10:19.002+0000] {subprocess.py:93} INFO -     • Page 35 (offset 563 ): Total kept: 308
[2026-09-10T01:10:19.002+0000] {subprocess.py:93} INFO -     • Page 36 (offset 564 ): Total kept: 308
[2026-09-10T01:10:19.002+0000] {subprocess.py:93} INFO -     • Page 37 (offset 565 ): Total kept: 308
[2026-09-10T01:10:19.002+0000] {subprocess.py:93} INFO -     • Page 38 (offset 566 ): Total kept: 308
[2026-09-10T01:10:19.002+0000] {subprocess.py:93} INFO -     • Page 39 (offset 567 ): Total kept: 308
[2026-09-10T01:10:19.002+0000] {subprocess.py:93} INFO -     • Page 40 (offset 568 ): Total kept: 308
[2026-09-10T01:10:19.002+0000] {subprocess.py:93} INFO -     • Page 41 (offset 569 ): Total kept: 308
[2026-09-10T01:10:19.002+0000] {subprocess.py:93} INFO -     • Page 42 (offset 570 ): Total kept: 308
[2026-09-10T01:10:19.002+0000] {subprocess.py:93} INFO -     • Page 43 (offset 571 ): Total kept: 308
[2026-09-10T01:10:19.005+0000] {subprocess.py:93} INFO -     • Page 44 (offset 572 ): Total kept: 308
[2026-09-10T01:10:19.005+0000] {subprocess.py:93} INFO -     • Page 45 (offset 573 ): Total kept: 308
[2026-09-10T01:10:19.005+0000] {subprocess.py:93} INFO -     • Page 46 (offset 574 ): Total kept: 308
[2026-09-10T01:10:19.005+0000] {subprocess.py:93} INFO -     • Page 47 (offset 575 ): Total kept: 308
[2026-09-10T01:10:19.005+0000] {subprocess.py:93} INFO -     • Page 48 (offset 576 ): Total kept: 308
[2026-09-10T01:10:19.005+0000] {subprocess.py:93} INFO -     • Page 49 (offset 577 ): Total kept: 308
[2026-09-10T01:10:19.005+0000] {subprocess.py:93} INFO -     • Page 50 (offset 578 ): Total kept: 308
[2026-09-10T01:10:19.005+0000] {subprocess.py:93} INFO -   ✓ Saved 681 normalized items to: fruits_and_vegetables_raw.json
[2026-09-10T01:10:19.005+0000] {subprocess.py:93} INFO - 
[2026-09-10T01:10:19.005+0000] {subprocess.py:93} INFO - [*] Processing: Dairy & Eggs
[2026-09-10T01:10:19.005+0000] {subprocess.py:93} INFO -     • Page 1  (offset 0   ): Total kept: 68
[2026-09-10T01:10:19.006+0000] {subprocess.py:93} INFO -     • Page 2  (offset 100 ): Total kept: 168
[2026-09-10T01:10:19.006+0000] {subprocess.py:93} INFO -     • Page 3  (offset 200 ): Total kept: 265
[2026-09-10T01:10:19.006+0000] {subprocess.py:93} INFO -     • Page 4  (offset 300 ): Total kept: 365
[2026-09-10T01:10:19.006+0000] {subprocess.py:93} INFO -     • Page 5  (offset 400 ): Total kept: 464
[2026-09-10T01:10:19.006+0000] {subprocess.py:93} INFO -     • Page 6  (offset 500 ): Total kept: 564
[2026-09-10T01:10:19.006+0000] {subprocess.py:93} INFO -     • Page 7  (offset 600 ): Total kept: 659
[2026-09-10T01:10:19.006+0000] {subprocess.py:93} INFO -     • Page 8  (offset 700 ): Total kept: 754
[2026-09-10T01:10:19.006+0000] {subprocess.py:93} INFO -     • Page 9  (offset 799 ): Total kept: 845
[2026-09-10T01:10:19.006+0000] {subprocess.py:93} INFO -     • Page 10 (offset 899 ): Total kept: 932
[2026-09-10T01:10:19.006+0000] {subprocess.py:93} INFO -     • Page 11 (offset 999 ): Total kept: 1009
[2026-09-10T01:10:19.006+0000] {subprocess.py:93} INFO -     • Page 12 (offset 1099): Total kept: 1062
[2026-09-10T01:10:19.006+0000] {subprocess.py:93} INFO -     • Page 13 (offset 1166): Total kept: 1077
[2026-09-10T01:10:19.006+0000] {subprocess.py:93} INFO -     • Page 14 (offset 1202): Total kept: 1077
[2026-09-10T01:10:19.006+0000] {subprocess.py:93} INFO -     • Page 15 (offset 1219): Total kept: 1077
[2026-09-10T01:10:19.006+0000] {subprocess.py:93} INFO -     • Page 16 (offset 1228): Total kept: 1077
[2026-09-10T01:10:19.006+0000] {subprocess.py:93} INFO -     • Page 17 (offset 1233): Total kept: 1077
[2026-09-10T01:10:19.006+0000] {subprocess.py:93} INFO -     • Page 18 (offset 1236): Total kept: 1077
[2026-09-10T01:10:19.006+0000] {subprocess.py:93} INFO -     • Page 19 (offset 1239): Total kept: 1077
[2026-09-10T01:10:19.006+0000] {subprocess.py:93} INFO -   ✓ Saved 1314 normalized items to: dairy_and_eggs_raw.json
[2026-09-10T01:10:19.006+0000] {subprocess.py:93} INFO - 
[2026-09-10T01:10:19.006+0000] {subprocess.py:93} INFO - [*] Processing: Beverages & Water
[2026-09-10T01:10:19.007+0000] {subprocess.py:93} INFO -     • Page 1  (offset 0   ): Total kept: 99
[2026-09-10T01:10:19.007+0000] {subprocess.py:93} INFO -     • Page 2  (offset 99  ): Total kept: 198
[2026-09-10T01:10:19.007+0000] {subprocess.py:93} INFO -     • Page 3  (offset 199 ): Total kept: 298
[2026-09-10T01:10:19.007+0000] {subprocess.py:93} INFO -     • Page 4  (offset 299 ): Total kept: 395
[2026-09-10T01:10:19.007+0000] {subprocess.py:93} INFO -     • Page 5  (offset 398 ): Total kept: 491
[2026-09-10T01:10:19.007+0000] {subprocess.py:93} INFO -     • Page 6  (offset 498 ): Total kept: 590
[2026-09-10T01:10:19.007+0000] {subprocess.py:93} INFO -     • Page 7  (offset 598 ): Total kept: 612
[2026-09-10T01:10:19.007+0000] {subprocess.py:93} INFO -     • Page 8  (offset 624 ): Total kept: 612
[2026-09-10T01:10:19.007+0000] {subprocess.py:93} INFO -     • Page 9  (offset 631 ): Total kept: 612
[2026-09-10T01:10:19.007+0000] {subprocess.py:93} INFO -     • Page 10 (offset 634 ): Total kept: 612
[2026-09-10T01:10:19.007+0000] {subprocess.py:93} INFO -     • Page 11 (offset 637 ): Total kept: 612
[2026-09-10T01:10:19.007+0000] {subprocess.py:93} INFO -     • Page 12 (offset 640 ): Total kept: 612
[2026-09-10T01:10:19.007+0000] {subprocess.py:93} INFO -     • Page 13 (offset 642 ): Total kept: 612
[2026-09-10T01:10:19.007+0000] {subprocess.py:93} INFO -     • Page 14 (offset 644 ): Total kept: 612
[2026-09-10T01:10:19.007+0000] {subprocess.py:93} INFO -     • Page 15 (offset 646 ): Total kept: 612
[2026-09-10T01:10:19.007+0000] {subprocess.py:93} INFO -     • Page 16 (offset 647 ): Total kept: 612
[2026-09-10T01:10:19.007+0000] {subprocess.py:93} INFO -     • Page 17 (offset 648 ): Total kept: 612
[2026-09-10T01:10:19.007+0000] {subprocess.py:93} INFO -   ✓ Saved 1066 normalized items to: beverages_raw.json
[2026-09-10T01:10:19.007+0000] {subprocess.py:93} INFO - 
[2026-09-10T01:10:19.008+0000] {subprocess.py:93} INFO - =================================================================
[2026-09-10T01:10:19.008+0000] {subprocess.py:93} INFO - 🎉 TAMIMI FINISHED! Total Saved: 3,061 items
[2026-09-10T01:10:19.008+0000] {subprocess.py:93} INFO - =================================================================
[2026-09-10T01:10:19.010+0000] {subprocess.py:97} INFO - Command exited with return code 0
[2026-09-10T01:10:19.026+0000] {taskinstance.py:1138} INFO - Marking task as SUCCESS. dag_id=weekly_grocery_pipeline, task_id=bronze_extract_tamimi, execution_date=20260910T010736, start_date=20260910T010737, end_date=20260910T011019
[2026-09-10T01:10:19.066+0000] {local_task_job_runner.py:234} INFO - Task exited with return code 0
[2026-09-10T01:10:19.081+0000] {taskinstance.py:3280} INFO - 1 downstream tasks scheduled from follow-on schedule check
