[2026-09-10T01:10:20.025+0000] {taskinstance.py:1956} INFO - Dependencies all met for dep_context=non-requeueable deps ti=<TaskInstance: weekly_grocery_pipeline.silver_clean_tamimi manual__2026-09-10T01:07:36.912977+00:00 [queued]>
[2026-09-10T01:10:20.027+0000] {taskinstance.py:1956} INFO - Dependencies all met for dep_context=requeueable deps ti=<TaskInstance: weekly_grocery_pipeline.silver_clean_tamimi manual__2026-09-10T01:07:36.912977+00:00 [queued]>
[2026-09-10T01:10:20.028+0000] {taskinstance.py:2170} INFO - Starting attempt 1 of 2
[2026-09-10T01:10:20.031+0000] {taskinstance.py:2191} INFO - Executing <Task(BashOperator): silver_clean_tamimi> on 2026-09-10 01:07:36.912977+00:00
[2026-09-10T01:10:20.033+0000] {standard_task_runner.py:60} INFO - Started process 353 to run task
[2026-09-10T01:10:20.035+0000] {standard_task_runner.py:87} INFO - Running: ['airflow', 'tasks', 'run', 'weekly_grocery_pipeline', 'silver_clean_tamimi', 'manual__2026-09-10T01:07:36.912977+00:00', '--job-id', '76', '--raw', '--subdir', 'DAGS_FOLDER/weekly_grocery_pipeline.py', '--cfg-path', '/tmp/tmpd7f2xw88']
[2026-09-10T01:10:20.036+0000] {standard_task_runner.py:88} INFO - Job 76: Subtask silver_clean_tamimi
[2026-09-10T01:10:20.058+0000] {task_command.py:423} INFO - Running <TaskInstance: weekly_grocery_pipeline.silver_clean_tamimi manual__2026-09-10T01:07:36.912977+00:00 [running]> on host d6853e0c6c65
[2026-09-10T01:10:20.092+0000] {taskinstance.py:2480} INFO - Exporting env vars: AIRFLOW_CTX_DAG_OWNER='shaleh' AIRFLOW_CTX_DAG_ID='weekly_grocery_pipeline' AIRFLOW_CTX_TASK_ID='silver_clean_tamimi' AIRFLOW_CTX_EXECUTION_DATE='2026-09-10T01:07:36.912977+00:00' AIRFLOW_CTX_TRY_NUMBER='1' AIRFLOW_CTX_DAG_RUN_ID='manual__2026-09-10T01:07:36.912977+00:00'
[2026-09-10T01:10:20.093+0000] {subprocess.py:63} INFO - Tmp dir root location: /tmp
[2026-09-10T01:10:20.093+0000] {subprocess.py:75} INFO - Running command: ['/usr/bin/bash', '-c', 'python -m src.silver.clean_tamimi']
[2026-09-10T01:10:20.096+0000] {subprocess.py:86} INFO - Output:
[2026-09-10T01:10:20.216+0000] {subprocess.py:93} INFO - === [Tamimi] Starting Silver Clean Pipeline (Dairy-Enhanced) ===
[2026-09-10T01:10:20.216+0000] {subprocess.py:93} INFO -   ✓ Cleaned 1066 products (Sizes: 1061 | Barcodes: 1066 | Deals: 236) -> beverages_clean.json
[2026-09-10T01:10:20.216+0000] {subprocess.py:93} INFO -   ✓ Cleaned 1314 products (Sizes: 1246 | Barcodes: 1314 | Deals: 293) -> dairy_and_eggs_clean.json
[2026-09-10T01:10:20.216+0000] {subprocess.py:93} INFO -   ✓ Cleaned 681 products (Sizes: 669 | Barcodes: 681 | Deals: 61) -> fruits_and_vegetables_clean.json
[2026-09-10T01:10:20.218+0000] {subprocess.py:97} INFO - Command exited with return code 0
[2026-09-10T01:10:20.230+0000] {taskinstance.py:1138} INFO - Marking task as SUCCESS. dag_id=weekly_grocery_pipeline, task_id=silver_clean_tamimi, execution_date=20260910T010736, start_date=20260910T011020, end_date=20260910T011020
[2026-09-10T01:10:20.250+0000] {local_task_job_runner.py:234} INFO - Task exited with return code 0
[2026-09-10T01:10:20.262+0000] {taskinstance.py:3280} INFO - 3 downstream tasks scheduled from follow-on schedule check
