[2026-09-10T11:37:46.134+0000] {taskinstance.py:1956} INFO - Dependencies all met for dep_context=non-requeueable deps ti=<TaskInstance: weekly_grocery_pipeline.silver_clean_bindawood manual__2026-09-10T11:37:24.341949+00:00 [queued]>
[2026-09-10T11:37:46.136+0000] {taskinstance.py:1956} INFO - Dependencies all met for dep_context=requeueable deps ti=<TaskInstance: weekly_grocery_pipeline.silver_clean_bindawood manual__2026-09-10T11:37:24.341949+00:00 [queued]>
[2026-09-10T11:37:46.136+0000] {taskinstance.py:2170} INFO - Starting attempt 1 of 2
[2026-09-10T11:37:46.140+0000] {taskinstance.py:2191} INFO - Executing <Task(BashOperator): silver_clean_bindawood> on 2026-09-10 11:37:24.341949+00:00
[2026-09-10T11:37:46.142+0000] {standard_task_runner.py:60} INFO - Started process 215 to run task
[2026-09-10T11:37:46.144+0000] {standard_task_runner.py:87} INFO - Running: ['airflow', 'tasks', 'run', 'weekly_grocery_pipeline', 'silver_clean_bindawood', 'manual__2026-09-10T11:37:24.341949+00:00', '--job-id', '86', '--raw', '--subdir', 'DAGS_FOLDER/weekly_grocery_pipeline.py', '--cfg-path', '/tmp/tmpaqluethm']
[2026-09-10T11:37:46.144+0000] {standard_task_runner.py:88} INFO - Job 86: Subtask silver_clean_bindawood
[2026-09-10T11:37:46.164+0000] {task_command.py:423} INFO - Running <TaskInstance: weekly_grocery_pipeline.silver_clean_bindawood manual__2026-09-10T11:37:24.341949+00:00 [running]> on host 243d47e55d6f
[2026-09-10T11:37:46.197+0000] {taskinstance.py:2480} INFO - Exporting env vars: AIRFLOW_CTX_DAG_OWNER='shaleh' AIRFLOW_CTX_DAG_ID='weekly_grocery_pipeline' AIRFLOW_CTX_TASK_ID='silver_clean_bindawood' AIRFLOW_CTX_EXECUTION_DATE='2026-09-10T11:37:24.341949+00:00' AIRFLOW_CTX_TRY_NUMBER='1' AIRFLOW_CTX_DAG_RUN_ID='manual__2026-09-10T11:37:24.341949+00:00'
[2026-09-10T11:37:46.198+0000] {subprocess.py:63} INFO - Tmp dir root location: /tmp
[2026-09-10T11:37:46.198+0000] {subprocess.py:75} INFO - Running command: ['/usr/bin/bash', '-c', 'python -m src.silver.clean_bindawood']
[2026-09-10T11:37:46.202+0000] {subprocess.py:86} INFO - Output:
[2026-09-10T11:37:46.473+0000] {subprocess.py:93} INFO - === [BinDawood] Starting Silver Clean Pipeline (Dairy-Enhanced) ===
[2026-09-10T11:37:46.473+0000] {subprocess.py:93} INFO -   ✓ Cleaned 1000 products (Sizes: 983 | Barcodes: 794 | Deals: 130) -> beverages_clean.json
[2026-09-10T11:37:46.473+0000] {subprocess.py:93} INFO -   ✓ Cleaned 1000 products (Sizes: 998 | Barcodes: 912 | Deals: 197) -> dairy_and_eggs_clean.json
[2026-09-10T11:37:46.473+0000] {subprocess.py:93} INFO -   ✓ Cleaned 376 products (Sizes: 278 | Barcodes: 222 | Deals: 0) -> fruits_and_vegetables_clean.json
[2026-09-10T11:37:46.475+0000] {subprocess.py:97} INFO - Command exited with return code 0
[2026-09-10T11:37:46.487+0000] {taskinstance.py:1138} INFO - Marking task as SUCCESS. dag_id=weekly_grocery_pipeline, task_id=silver_clean_bindawood, execution_date=20260910T113724, start_date=20260910T113746, end_date=20260910T113746
[2026-09-10T11:37:46.531+0000] {local_task_job_runner.py:234} INFO - Task exited with return code 0
[2026-09-10T11:37:46.543+0000] {taskinstance.py:3280} INFO - 0 downstream tasks scheduled from follow-on schedule check
