[2026-09-09T20:09:55.424+0000] {taskinstance.py:1956} INFO - Dependencies all met for dep_context=non-requeueable deps ti=<TaskInstance: weekly_grocery_pipeline.silver_clean_tamimi manual__2026-09-09T20:08:55+00:00 [queued]>
[2026-09-09T20:09:55.426+0000] {taskinstance.py:1956} INFO - Dependencies all met for dep_context=requeueable deps ti=<TaskInstance: weekly_grocery_pipeline.silver_clean_tamimi manual__2026-09-09T20:08:55+00:00 [queued]>
[2026-09-09T20:09:55.426+0000] {taskinstance.py:2170} INFO - Starting attempt 1 of 2
[2026-09-09T20:09:55.430+0000] {taskinstance.py:2191} INFO - Executing <Task(BashOperator): silver_clean_tamimi> on 2026-09-09 20:08:55+00:00
[2026-09-09T20:09:55.432+0000] {standard_task_runner.py:60} INFO - Started process 346 to run task
[2026-09-09T20:09:55.433+0000] {standard_task_runner.py:87} INFO - Running: ['airflow', 'tasks', 'run', 'weekly_grocery_pipeline', 'silver_clean_tamimi', 'manual__2026-09-09T20:08:55+00:00', '--job-id', '49', '--raw', '--subdir', 'DAGS_FOLDER/weekly_grocery_pipeline.py', '--cfg-path', '/tmp/tmp0_o_3m4e']
[2026-09-09T20:09:55.434+0000] {standard_task_runner.py:88} INFO - Job 49: Subtask silver_clean_tamimi
[2026-09-09T20:09:55.455+0000] {task_command.py:423} INFO - Running <TaskInstance: weekly_grocery_pipeline.silver_clean_tamimi manual__2026-09-09T20:08:55+00:00 [running]> on host 185da616c941
[2026-09-09T20:09:55.488+0000] {taskinstance.py:2480} INFO - Exporting env vars: AIRFLOW_CTX_DAG_OWNER='shaleh' AIRFLOW_CTX_DAG_ID='weekly_grocery_pipeline' AIRFLOW_CTX_TASK_ID='silver_clean_tamimi' AIRFLOW_CTX_EXECUTION_DATE='2026-09-09T20:08:55+00:00' AIRFLOW_CTX_TRY_NUMBER='1' AIRFLOW_CTX_DAG_RUN_ID='manual__2026-09-09T20:08:55+00:00'
[2026-09-09T20:09:55.488+0000] {subprocess.py:63} INFO - Tmp dir root location: /tmp
[2026-09-09T20:09:55.489+0000] {subprocess.py:75} INFO - Running command: ['/usr/bin/bash', '-c', 'python -m src.silver.clean_tamimi']
[2026-09-09T20:09:55.492+0000] {subprocess.py:86} INFO - Output:
[2026-09-09T20:09:55.627+0000] {subprocess.py:93} INFO - === [Tamimi] Starting Silver Clean Pipeline (Dairy-Enhanced) ===
[2026-09-09T20:09:55.629+0000] {subprocess.py:93} INFO -   ✓ Cleaned 1366 products (Sizes: 1361 | Barcodes: 1366 | Deals: 259) -> beverages_clean.json
[2026-09-09T20:09:55.630+0000] {subprocess.py:93} INFO -   ✓ Cleaned 1616 products (Sizes: 1531 | Barcodes: 1616 | Deals: 325) -> dairy_and_eggs_clean.json
[2026-09-09T20:09:55.630+0000] {subprocess.py:93} INFO -   ✓ Cleaned 1606 products (Sizes: 1561 | Barcodes: 1606 | Deals: 67) -> fruits_and_vegetables_clean.json
[2026-09-09T20:09:55.630+0000] {subprocess.py:97} INFO - Command exited with return code 0
[2026-09-09T20:09:55.642+0000] {taskinstance.py:1138} INFO - Marking task as SUCCESS. dag_id=weekly_grocery_pipeline, task_id=silver_clean_tamimi, execution_date=20260909T200855, start_date=20260909T200955, end_date=20260909T200955
[2026-09-09T20:09:55.651+0000] {local_task_job_runner.py:234} INFO - Task exited with return code 0
[2026-09-09T20:09:55.661+0000] {taskinstance.py:3280} INFO - 0 downstream tasks scheduled from follow-on schedule check
