[2026-09-09T20:10:28.356+0000] {taskinstance.py:1956} INFO - Dependencies all met for dep_context=non-requeueable deps ti=<TaskInstance: weekly_grocery_pipeline.silver_clean_lulu manual__2026-09-09T20:08:55+00:00 [queued]>
[2026-09-09T20:10:28.358+0000] {taskinstance.py:1956} INFO - Dependencies all met for dep_context=requeueable deps ti=<TaskInstance: weekly_grocery_pipeline.silver_clean_lulu manual__2026-09-09T20:08:55+00:00 [queued]>
[2026-09-09T20:10:28.359+0000] {taskinstance.py:2170} INFO - Starting attempt 1 of 2
[2026-09-09T20:10:28.362+0000] {taskinstance.py:2191} INFO - Executing <Task(BashOperator): silver_clean_lulu> on 2026-09-09 20:08:55+00:00
[2026-09-09T20:10:28.364+0000] {standard_task_runner.py:60} INFO - Started process 356 to run task
[2026-09-09T20:10:28.365+0000] {standard_task_runner.py:87} INFO - Running: ['airflow', 'tasks', 'run', 'weekly_grocery_pipeline', 'silver_clean_lulu', 'manual__2026-09-09T20:08:55+00:00', '--job-id', '50', '--raw', '--subdir', 'DAGS_FOLDER/weekly_grocery_pipeline.py', '--cfg-path', '/tmp/tmpg9qg88x9']
[2026-09-09T20:10:28.366+0000] {standard_task_runner.py:88} INFO - Job 50: Subtask silver_clean_lulu
[2026-09-09T20:10:28.386+0000] {task_command.py:423} INFO - Running <TaskInstance: weekly_grocery_pipeline.silver_clean_lulu manual__2026-09-09T20:08:55+00:00 [running]> on host 185da616c941
[2026-09-09T20:10:28.417+0000] {taskinstance.py:2480} INFO - Exporting env vars: AIRFLOW_CTX_DAG_OWNER='shaleh' AIRFLOW_CTX_DAG_ID='weekly_grocery_pipeline' AIRFLOW_CTX_TASK_ID='silver_clean_lulu' AIRFLOW_CTX_EXECUTION_DATE='2026-09-09T20:08:55+00:00' AIRFLOW_CTX_TRY_NUMBER='1' AIRFLOW_CTX_DAG_RUN_ID='manual__2026-09-09T20:08:55+00:00'
[2026-09-09T20:10:28.418+0000] {subprocess.py:63} INFO - Tmp dir root location: /tmp
[2026-09-09T20:10:28.418+0000] {subprocess.py:75} INFO - Running command: ['/usr/bin/bash', '-c', 'python -m src.silver.clean_lulu']
[2026-09-09T20:10:28.421+0000] {subprocess.py:86} INFO - Output:
[2026-09-09T20:10:28.581+0000] {subprocess.py:93} INFO - === [Lulu] Starting Silver Clean Pipeline (Dairy-Enhanced) ===
[2026-09-09T20:10:28.581+0000] {subprocess.py:93} INFO -   ✓ Cleaned 1457 products (Sizes: 1369 | Barcodes: 1457 | Deals: 75) -> beverages_clean.json
[2026-09-09T20:10:28.581+0000] {subprocess.py:93} INFO -   ✓ Cleaned 664 products (Sizes: 659 | Barcodes: 664 | Deals: 59) -> dairy_and_eggs_clean.json
[2026-09-09T20:10:28.581+0000] {subprocess.py:93} INFO -   ✓ Cleaned 263 products (Sizes: 213 | Barcodes: 263 | Deals: 9) -> fruits_and_vegetables_clean.json
[2026-09-09T20:10:28.584+0000] {subprocess.py:97} INFO - Command exited with return code 0
[2026-09-09T20:10:28.596+0000] {taskinstance.py:1138} INFO - Marking task as SUCCESS. dag_id=weekly_grocery_pipeline, task_id=silver_clean_lulu, execution_date=20260909T200855, start_date=20260909T201028, end_date=20260909T201028
[2026-09-09T20:10:28.619+0000] {local_task_job_runner.py:234} INFO - Task exited with return code 0
[2026-09-09T20:10:28.631+0000] {taskinstance.py:3280} INFO - 3 downstream tasks scheduled from follow-on schedule check
